╭──────────────────────── 🚀 Bonus Scraper Engine v5.0 ────────────────────────╮
│                                                                              │
│ ╭─ ⚡ PERFORMA─╮╭─ 🌐 INFRASTR─╮╭─── 📋 JOB ───╮╭── HEALTH ──╮╭── ERRORS ──╮ │
│ │  Concurren…  ││  Proxy Pool  ││  URLs        ││ 🟥 0%      ││ ✅ OK      │ │
│ │  10 Workers  ││  0 Active    ││  Queued      ││ 🔴 10%     ││ 👻 404     │ │
│ │  Throughput  ││  Proxy       ││  564         ││ ❤️  20%    ││ 🚫 403     │ │
│ │  ~157        ││  Logic       ││  Shuffle     ││ 🟧 25%     ││ 🚚 301     │ │
│ │  URLs/min    ││  Per-Worker  ││  No          ││ 🟠 35%     ││ 📡 101     │ │
│ │  Delays      ││  Pool        │╰──────────────╯│ 🧡 45%     ││ ☁️ 503     │ │
│ │  2.0-5.6s    │╰──────────────╯                │ 🟨 50%     ││ 🐌 Lag     │ │
│ │  Timeout     │                                │ 🟡 60%     ││ 📉 Track   │ │
│ │  15s         │                                │ 💛 70%     ││            │ │
│ ╰──────────────╯                                │ 🟩 75%     ││            │ │
│ ╭─ 💻 ENVIRONM─╮╭─ 📊 SYSTEM H─╮╭─ 🛡️ SECURITY─╮│ 🟢 85%     ││            │ │
│ │  OS          ││  CPU         ││  Auth User   ││ 💚 95%     ││            │ │
│ │  Android     ││  N/A         ││  admin       ││ 💚 100%    ││            │ │
│ │  Py Version  ││  Uptime      ││  SSL Check   ││            ││            │ │
│ │  3.13.13     ││  00:00:00    ││  Disabled    ││            ││            │ │
│ ╰──────────────╯╰──────────────╯│  IP          ││            ││            │ │
│                                 │  Reputation  ││            ││            │ │
│                                 │  0/100       ││            ││            │ │
│                                 ╰──────────────╯╰────────────╯╰────────────╯ │
│ ╭───────────────────────────── 🕵️ USER AGENT ──────────────────────────────╮ │
│ │  User Agent Identity                                                     │ │
│ │  Mozilla/5.0 (Windows NT 10.0; Win64; x64) AppleWebKit/537.36 (KHTML,    │ │
│ │  like Gecko) Chrome/120.0.0.0 Safari/537.36                              │ │
│ ╰──────────────────────────────────────────────────────────────────────────╯ │
│                                                                              │
╰──────────────────────────────────────────────────────────────────────────────╯
╭──────────────────────────────────────────────────────────────────────────────╮
│             📡 COMMAND DASHBOARD ACTIVE : http://127.0.0.1:8000              │
╰──────────────────────────────────────────────────────────────────────────────╯
                   ● SYSTEM READY PRESS [CTRL+C] TO TERMINATE                   
007✅DONE✅01 💯 💯 💯 💯 💯 014 000.0💎00|00 ⏱️9m07.686s🌐cr33au.com
001✅DONE✅02 💯 💯 💯 💯 💯 200 000.0💎00|00 ⏱️9m30.705s🌐unitedau.com
010✅DONE✅03 💯 💯 💯 💯 💯 030 000.0💎00|00 ⏱️9m33.084s🌐keno99.com
006✅DONE✅04 💯 💯 💯 💯 💯 083 016.7💎01|01 ⏱️9m44.918s🌐glorya77.com
003✅DONE✅05 💯 💯 💯 💯 💯 166 033.3💎00|01 ⏱️9m53.704s🌐topaz33.com
002✅DONE✅06 💯 💯 💯 💯 💯 300 050.0💎00|01 ⏱️9m58.468s🌐gwin9au.com
005✅DONE✅07 💯 💯 💯 💯 💯 140 020.0💎00|01 ⏱️10m03.457s🌐tab9au.com
004✅DONE✅08 💯 💯 💯 💯 💯 200 025.0💎00|01 ⏱️10m15.579s🌐panda95au.com
008✅DONE✅09 💯 💯 💯 💯 💯 112 012.5💎00|01 ⏱️10m20.712s🌐ispeed88au.com
009✅DONE✅10 💯 💯 💯 💯 💯 111 011.1💎00|01 ⏱️10m32.120s🌐jw8au.com
014✅DONE✅11 💯 💯 💯 💯 💯 078 021.4💎02|03 ⏱️10m26.793s🌐aud99.com
011✅DONE✅12 💯 💯 💯 💯 💯 109 027.3💎00|03 ⏱️10m34.828s🌐royalaud.com
015✅DONE✅13 💯 💯 💯 💯 💯 086 020.0💎00|03 ⏱️10m28.982s🌐inskingdom8.com
012✅DONE✅14 💯 💯 💯 💯 💯 116 025.0💎00|03 ⏱️10m34.933s🌐rtpvictory88.com
013✅DONE✅15 💯 💯 💯 💯 💯 115 023.1💎00|03 ⏱️10m36.568s🌐dolphin88.co
016✅DONE✅16 💯 💯 💯 💯 💯 100 018.8💎00|03 ⏱️10m36.010s🌐race96.com
019✅DONE✅17 💯 💯 💯 💯 💯 089 015.8💎00|03 ⏱️10m26.349s🌐reef33.vip
018✅DONE✅18 💯 💯 💯 💯 💯 100 016.7💎00|03 ⏱️10m24.658s🌐venus55.com
017✅DONE✅19 💯 💯 💯 💯 💯 111 017.6💎00|03 ⏱️10m28.616s🌐cergas.online
020✅DONE✅20 💯 💯 💯 💯 💯 100 015.0💎00|03 ⏱️10m16.593s🌐speedau.live
021✅DONE✅21 💯 💯 💯 💯 💯 100 014.3💎00|03 ⏱️10m11.953s🌐jackpotau.com
