╭──────────────────────── 🚀 Bonus Scraper Engine v5.0 ────────────────────────╮
│                                                                              │
│ ╭─ ⚡ PERFORMA─╮╭─ 🌐 INFRASTR─╮╭─── 📋 JOB ───╮╭── HEALTH ──╮╭── ERRORS ──╮ │
│ │  Concurren…  ││  Proxy Pool  ││  URLs        ││ 🟥 0%      ││ ✅ OK      │ │
│ │  1 Workers   ││  0 Active    ││  Queued      ││ 🔴 10%     ││ 👻 404     │ │
│ │  Throughput  ││  Proxy       ││  247         ││ ❤️  20%    ││ 🚫 403     │ │
│ │  ~15         ││  Logic       ││  Shuffle     ││ 🟧 25%     ││ 🚚 301     │ │
│ │  URLs/min    ││  Per-Worker  ││  No          ││ 🟠 35%     ││ 📡 101     │ │
│ │  Delays      ││  Pool        │╰──────────────╯│ 🧡 45%     ││ ☁️ 503     │ │
│ │  2.0-5.6s    │╰──────────────╯                │ 🟨 50%     ││ 🐌 Lag     │ │
│ │  Timeout     │                                │ 🟡 60%     ││ 📉 Track   │ │
│ │  15s         │                                │ 💛 70%     ││            │ │
│ ╰──────────────╯                                │ 🟩 75%     ││            │ │
│ ╭─ 💻 ENVIRONM─╮╭─ 📊 SYSTEM H─╮╭─ 🛡️ SECURITY─╮│ 🟢 85%     ││            │ │
│ │  OS          ││  CPU         ││  Auth User   ││ 💚 95%     ││            │ │
│ │  Android     ││  N/A         ││  admin       ││ 💚 100%    ││            │ │
│ │  Py Version  ││  Uptime      ││  SSL Check   ││            ││            │ │
│ │  3.13.13     ││  00:00:00    ││  Disabled    ││            ││            │ │
│ ╰──────────────╯╰──────────────╯│  IP          ││            ││            │ │
│                                 │  Reputation  ││            ││            │ │
│                                 │  0/100       ││            ││            │ │
│                                 ╰──────────────╯╰────────────╯╰────────────╯ │
│ ╭───────────────────────────── 🕵️ USER AGENT ──────────────────────────────╮ │
│ │  User Agent Identity                                                     │ │
│ │  Mozilla/5.0 (Windows NT 10.0; Win64; x64) AppleWebKit/537.36 (KHTML,    │ │
│ │  like Gecko) Chrome/120.0.0.0 Safari/537.36                              │ │
│ ╰──────────────────────────────────────────────────────────────────────────╯ │
│                                                                              │
╰──────────────────────────────────────────────────────────────────────────────╯
╭──────────────────────────────────────────────────────────────────────────────╮
│             📡 COMMAND DASHBOARD ACTIVE : http://127.0.0.1:8000              │
╰──────────────────────────────────────────────────────────────────────────────╯
                   ● SYSTEM READY PRESS [CTRL+C] TO TERMINATE                   
001🚚E301❌01 0 0 0 0 0 000 000.0💎00|00 ⏱️35m07.991s🌐100payau.com
002🚚E301❌02 0 0 0 0 0 000 000.0💎00|00 ⏱️33m04.003s🌐11win.com
003🚚E301❌03 0 0 0 0 0 000 000.0💎00|00 ⏱️35m23.882s🌐12playau.com
004🚚E301❌04 0 0 0 0 0 000 000.0💎00|00 ⏱️37m39.928s🌐1aupokies.com
005🚚E301❌05 0 0 0 0 0 000 000.0💎00|00 ⏱️36m15.161s🌐1pokies.com
006💻E103❌06 0 0 0 0 0 000 000.0💎00|00 ⏱️35m57.711s🌐22luckyspin.com
007🚚E301❌07 0 0 0 0 0 000 000.0💎00|00 ⏱️36m29.911s🌐44spin.com
008💻E104❌08 0 0 0 0 0 000 000.0💎00|00 ⏱️43m50.830s🌐5starclub.vip
009🚚E301❌09 0 0 0 0 0 000 000.0💎00|00 ⏱️42m42.491s🌐66spin.com
010🚚E301❌10 0 0 0 0 0 000 000.0💎00|00 ⏱️41m47.883s🌐77au.net
011🚚E301❌11 0 0 0 0 0 000 000.0💎00|00 ⏱️41m32.198s🌐7vip7.com
012💻E103❌12 0 0 0 0 0 000 000.0💎00|00 ⏱️41m39.779s🌐99flashwin.com
013💻E103❌13 0 0 0 0 0 000 000.0💎00|00 ⏱️40m42.648s🌐99uber.com
014🚚E301❌14 0 0 0 0 0 000 000.0💎00|00 ⏱️40m19.509s🌐9aus.com
015🚚E301❌15 0 0 0 0 0 000 000.0💎00|00 ⏱️41m11.236s🌐9xbetau.com
016🚚E301❌16 0 0 0 0 0 000 000.0💎00|00 ⏱️41m39.572s🌐a1club88.com
017💻E405❌17 0 0 0 0 0 000 000.0💎00|00 ⏱️42m22.451s🌐a99au.com
018🚚E301❌18 0 0 0 0 0 000 000.0💎00|00 ⏱️36m42.146s🌐a9aud.com
019🚚E301❌19 0 0 0 0 0 000 000.0💎00|00 ⏱️36m55.637s🌐aawin68.com
020💻E103❌20 0 0 0 0 0 000 000.0💎00|00 ⏱️35m49.780s🌐aba33aus.com
021🚚E301❌21 0 0 0 0 0 000 000.0💎00|00 ⏱️36m24.984s🌐ac8aus.com
022💻E103❌22 0 0 0 0 0 000 000.0💎00|00 ⏱️36m29.960s🌐amb88.cc
023🚚E301❌23 0 0 0 0 0 000 000.0💎00|00 ⏱️36m08.666s🌐ariswin.com
024🚚E301❌24 0 0 0 0 0 000 000.0💎00|00 ⏱️35m00.356s🌐arkspin.com
025🚚E301❌25 0 0 0 0 0 000 000.0💎00|00 ⏱️35m01.911s🌐aud1000.com
026💻E103❌26 0 0 0 0 0 000 000.0💎00|00 ⏱️33m12.359s🌐aud77.net
027🚚E301❌27 0 0 0 0 0 000 000.0💎00|00 ⏱️31m23.722s🌐aud96.com
028💻E103❌28 0 0 0 0 0 000 000.0💎00|00 ⏱️31m02.217s🌐audbet99.co
029🚚E301❌29 0 0 0 0 0 000 000.0💎00|00 ⏱️31m03.033s🌐audmachine.com
030💻E403❌30 0 0 0 0 0 000 000.0💎00|00 ⏱️31m22.926s🌐auplay.club
031💻E403❌31 0 0 0 0 0 000 000.0💎00|00 ⏱️30m31.393s🌐auraaud.com
032🚚E301❌32 0 0 0 0 0 000 000.0💎00|00 ⏱️30m09.948s🌐aus26.com
033🚚E301❌33 0 0 0 0 0 000 000.0💎00|00 ⏱️32m33.897s🌐ausbet99.com
034💻E103❌34 0 0 0 0 0 000 000.0💎00|00 ⏱️32m33.806s🌐ausclub.net
035💻E103❌35 0 0 0 0 0 000 000.0💎00|00 ⏱️31m43.496s🌐auspin8.com
036🚚E301❌36 0 0 0 0 0 000 000.0💎00|00 ⏱️33m10.336s🌐auspin88.vip
037💻E103❌37 0 0 0 0 0 000 000.0💎00|00 ⏱️33m03.860s🌐auspokies7.co
038🚚E301❌38 0 0 0 0 0 000 000.0💎00|00 ⏱️33m26.161s🌐aussie55.com
039💻E103❌39 0 0 0 0 0 000 000.0💎00|00 ⏱️32m46.952s🌐aussie8.net
040💻E103❌40 0 0 0 0 0 000 000.0💎00|00 ⏱️32m25.884s🌐aussiebt.net
041💻E104❌41 0 0 0 0 0 000 000.0💎00|00 ⏱️36m58.301s🌐avengeraus1.com
042🚚E301❌42 0 0 0 0 0 000 000.0💎00|00 ⏱️37m05.984s🌐avengers80.com
043🚚E301❌43 0 0 0 0 0 000 000.0💎00|00 ⏱️34m45.418s🌐bacca777.com
044🚚E301❌44 0 0 0 0 0 000 000.0💎00|00 ⏱️35m58.203s🌐bankau.live
045🚚E301❌45 0 0 0 0 0 000 000.0💎00|00 ⏱️36m11.796s🌐bigpay2u.com
046🚚E301❌46 0 0 0 0 0 000 000.0💎00|00 ⏱️35m49.207s🌐bizzo777.com
047🚚E301❌47 0 0 0 0 0 000 000.0💎00|00 ⏱️35m20.932s🌐bk8aus.com
048💻E103❌48 0 0 0 0 0 000 000.0💎00|00 ⏱️33m43.594s🌐bm7au.com
049💻E103❌49 0 0 0 0 0 000 000.0💎00|00 ⏱️32m56.007s🌐bmb99.com
050🚚E301❌50 0 0 0 0 0 000 000.0💎00|00 ⏱️32m39.196s🌐bondibeachbet.com
051💻E103❌51 0 0 0 0 0 000 000.0💎00|00 ⏱️27m32.867s🌐bonsai369.com
052💻E103❌52 0 0 0 0 0 000 000.0💎00|00 ⏱️27m37.052s🌐boss365au.com
053💻E103❌53 0 0 0 0 0 000 000.0💎00|00 ⏱️27m51.476s🌐bybid9.com
054💻E103❌54 0 0 0 0 0 000 000.0💎00|00 ⏱️25m45.438s🌐candylucks.net
055🚚E301❌55 0 0 0 0 0 000 000.0💎00|00 ⏱️24m46.876s🌐cashking99.com
056🚚E301❌56 0 0 0 0 0 000 000.0💎00|00 ⏱️24m08.086s🌐checkmate7.com
057💻E103❌57 0 0 0 0 0 000 000.0💎00|00 ⏱️24m25.386s🌐cn8au.com
058🚚E301❌58 0 0 0 0 0 000 000.0💎00|00 ⏱️25m17.685s🌐cocspin.com
059💻E103❌59 0 0 0 0 0 000 000.0💎00|00 ⏱️24m54.962s🌐cola88au.co
060🚚E301❌60 0 0 0 0 0 000 000.0💎00|00 ⏱️25m13.291s🌐coospin.com
061🚚E301❌61 0 0 0 0 0 000 000.0💎00|00 ⏱️26m14.458s🌐cp2077.org
062🚚E301❌62 0 0 0 0 0 000 000.0💎00|00 ⏱️25m40.274s🌐crackspin.com
063🚚E301❌63 0 0 0 0 0 000 000.0💎00|00 ⏱️26m05.078s🌐crown69.com
064🚚E301❌64 0 0 0 0 0 000 000.0💎00|00 ⏱️26m31.435s🌐crownbet.pro
065💻E103❌65 0 0 0 0 0 000 000.0💎00|00 ⏱️25m59.781s🌐crystalchips777.com
066💻E104❌66 0 0 0 0 0 000 000.0💎00|00 ⏱️29m45.160s🌐cuntcunt.com
067💻E103❌67 0 0 0 0 0 000 000.0💎00|00 ⏱️29m06.543s🌐cuntspin.com
068💻E103❌68 0 0 0 0 0 000 000.0💎00|00 ⏱️28m05.408s🌐day2spin.com
069🚚E301❌69 0 0 0 0 0 000 000.0💎00|00 ⏱️28m26.894s🌐dg6au.com
070🚚E301❌70 0 0 0 0 0 000 000.0💎00|00 ⏱️29m26.083s🌐diceau.online
071💻E103❌71 0 0 0 0 0 000 000.0💎00|00 ⏱️28m47.647s🌐dreamworldau.com
072💻E103❌72 0 0 0 0 0 000 000.0💎00|00 ⏱️28m24.536s🌐drift668.co
073💻E530❌73 0 0 0 0 0 000 000.0💎00|00 ⏱️27m37.273s🌐e99au.com
074🚚E301❌74 0 0 0 0 0 000 000.0💎00|00 ⏱️29m05.050s🌐ea99aud.com
075🚚E301❌75 0 0 0 0 0 000 000.0💎00|00 ⏱️29m14.449s🌐ebet9au.com
076💻E103❌76 0 0 0 0 0 000 000.0💎00|00 ⏱️25m54.228s🌐ecstasybaby.com
077🚚E301❌77 0 0 0 0 0 000 000.0💎00|00 ⏱️26m39.697s🌐emperor9.com
078🚚E301❌78 0 0 0 0 0 000 000.0💎00|00 ⏱️26m43.153s🌐emu668.co
079🚚E301❌79 0 0 0 0 0 000 000.0💎00|00 ⏱️26m49.583s🌐enjoy007.com
080💻E404❌80 0 0 0 0 0 000 000.0💎00|00 ⏱️26m16.206s🌐enjoy2win99.com
081💻E103❌81 0 0 0 0 0 000 000.0💎00|00 ⏱️25m48.018s🌐epicstar6.com
082💻E103❌82 0 0 0 0 0 000 000.0💎00|00 ⏱️25m18.087s🌐everwin44.com
083💻E103❌83 0 0 0 0 0 000 000.0💎00|00 ⏱️24m25.151s🌐eway7.com
084🚚E301❌84 0 0 0 0 0 000 000.0💎00|00 ⏱️22m29.637s🌐ex77au.com
085💻E104❌85 0 0 0 0 0 000 000.0💎00|00 ⏱️26m18.002s🌐ezbet66.com
086💻E104❌86 0 0 0 0 0 000 000.0💎00|00 ⏱️29m26.993s🌐fafaau.com
087🚚E301❌87 0 0 0 0 0 000 000.0💎00|00 ⏱️29m28.713s🌐faraday.in
088🚚E301❌88 0 0 0 0 0 000 000.0💎00|00 ⏱️30m03.427s🌐fastau.co
089🚚E301❌89 0 0 0 0 0 000 000.0💎00|00 ⏱️29m56.201s🌐fightspin.net
090🚚E301❌90 0 0 0 0 0 000 000.0💎00|00 ⏱️29m15.107s🌐freeaud.co
091💻E103❌91 0 0 0 0 0 000 000.0💎00|00 ⏱️28m55.505s🌐fuckfuck.app
092💻E103❌92 0 0 0 0 0 000 000.0💎00|00 ⏱️29m06.985s🌐fuckmate.co
093💻E103❌93 0 0 0 0 0 000 000.0💎00|00 ⏱️29m02.974s🌐fuckspin.com
094💻E103❌94 0 0 0 0 0 000 000.0💎00|00 ⏱️28m40.051s🌐gd77.vip
095💻E403❌95 0 0 0 0 0 000 000.0💎00|00 ⏱️25m09.069s🌐gemvault777.com
096🚚E301❌96 0 0 0 0 0 000 000.0💎00|00 ⏱️21m18.912s🌐gey99au.com
097🚚E301❌97 0 0 0 0 0 000 000.0💎00|00 ⏱️20m15.089s🌐glorybet88au.com
098🚚E301❌98 0 0 0 0 0 000 000.0💎00|00 ⏱️19m53.187s🌐gm9.co
099💻E103❌99 0 0 0 0 0 000 000.0💎00|00 ⏱️19m09.374s🌐god88aus.com
100💻E103❌100 0 0 0 0 0 000 000.0💎00|00 ⏱️19m04.550s🌐goldbet9.net
101💻E103❌101 0 0 0 0 0 000 000.0💎00|00 ⏱️19m14.247s🌐gowinau.com
102💻E103❌102 0 0 0 0 0 000 000.0💎00|00 ⏱️19m23.926s🌐gucci9.vip
103💻E103❌103 0 0 0 0 0 000 000.0💎00|00 ⏱️19m28.223s🌐gxbet7.com
104💻E103❌104 0 0 0 0 0 000 000.0💎00|00 ⏱️20m00.482s🌐hero-99.com
105🚚E301❌105 0 0 0 0 0 000 000.0💎00|00 ⏱️20m18.931s🌐ho96.com
106🚚E301❌106 0 0 0 0 0 000 000.0💎00|00 ⏱️20m42.009s🌐ignition66.com
107💻E103❌107 0 0 0 0 0 000 000.0💎00|00 ⏱️21m03.806s🌐ilovejili.net
108🚚E301❌108 0 0 0 0 0 000 000.0💎00|00 ⏱️20m56.375s🌐imillion88.com
109💻E103❌109 0 0 0 0 0 000 000.0💎00|00 ⏱️20m50.876s🌐imperium88.com
110💻E103❌110 0 0 0 0 0 000 000.0💎00|00 ⏱️20m37.235s🌐imperium9.com
111🚚E301❌111 0 0 0 0 0 000 000.0💎00|00 ⏱️20m55.844s🌐irich88.co
112🚚E301❌112 0 0 0 0 0 000 000.0💎00|00 ⏱️20m52.634s🌐iwin88au.com
113🚚E301❌113 0 0 0 0 0 000 000.0💎00|00 ⏱️20m46.410s🌐jewelpalace88.com
114💻E103❌114 0 0 0 0 0 000 000.0💎00|00 ⏱️20m10.611s🌐joker33.club
115💻E403❌115 0 0 0 0 0 000 000.0💎00|00 ⏱️19m37.039s🌐jokers11.com
116🚚E301❌116 0 0 0 0 0 000 000.0💎00|00 ⏱️18m53.132s🌐jombet77.com
117🚚E301❌117 0 0 0 0 0 000 000.0💎00|00 ⏱️18m46.437s🌐joypokies.com
118💻E530❌118 0 0 0 0 0 000 000.0💎00|00 ⏱️18m05.419s🌐k18win.com
119🚚E301❌119 0 0 0 0 0 000 000.0💎00|00 ⏱️18m07.402s🌐kangaspin.com
120💻E103❌120 0 0 0 0 0 000 000.0💎00|00 ⏱️17m51.168s🌐kimberley333.com
121🚚E301❌121 0 0 0 0 0 000 000.0💎00|00 ⏱️18m37.303s🌐kingbet9aus.com
122💻E103❌122 0 0 0 0 0 000 000.0💎00|00 ⏱️18m19.874s🌐kingpay77au.com
123💻E103❌123 0 0 0 0 0 000 000.0💎00|00 ⏱️18m13.587s🌐kingsman369.co
124💻E103❌124 0 0 0 0 0 000 000.0💎00|00 ⏱️18m28.267s🌐koala668.co
125💻E103❌125 0 0 0 0 0 000 000.0💎00|00 ⏱️18m23.667s🌐kuromiau.com
126💻E103❌126 0 0 0 0 0 000 000.0💎00|00 ⏱️18m19.771s🌐lisboa7.com
127💻E530❌127 0 0 0 0 0 000 000.0💎00|00 ⏱️17m34.617s🌐live11.vip
128💻E103❌128 0 0 0 0 0 000 000.0💎00|00 ⏱️17m29.811s🌐luckau.co
129💻E103❌129 0 0 0 0 0 000 000.0💎00|00 ⏱️17m08.688s🌐lucky7au.com
130🚚E301❌130 0 0 0 0 0 000 000.0💎00|00 ⏱️17m19.710s🌐lucky96aus.com
131🚚E301❌131 0 0 0 0 0 000 000.0💎00|00 ⏱️16m37.076s🌐luckyangels.co
132💻E103❌132 0 0 0 0 0 000 000.0💎00|00 ⏱️16m28.718s🌐luckyozzie1.com
133🚚E301❌133 0 0 0 0 0 000 000.0💎00|00 ⏱️16m54.169s🌐lv52aud.com
134🚚E301❌134 0 0 0 0 0 000 000.0💎00|00 ⏱️16m17.822s🌐m1spin.com
135🚚E301❌135 0 0 0 0 0 000 000.0💎00|00 ⏱️15m52.043s🌐m88oz.com
136🚚E301❌136 0 0 0 0 0 000 000.0💎00|00 ⏱️15m45.008s🌐m88win.vip
137🚚E301❌137 0 0 0 0 0 000 000.0💎00|00 ⏱️16m11.794s🌐macluck9aus.net
138🚚E301❌138 0 0 0 0 0 000 000.0💎00|00 ⏱️17m01.634s🌐mansion7.fun
139🚚E301❌139 0 0 0 0 0 000 000.0💎00|00 ⏱️17m25.190s🌐marvelaus1.com
140🚚E301❌140 0 0 0 0 0 000 000.0💎00|00 ⏱️17m35.766s🌐mate96.com
141🚚E301❌141 0 0 0 0 0 000 000.0💎00|00 ⏱️16m54.430s🌐maxim88au.com
142💻E103❌142 0 0 0 0 0 000 000.0💎00|00 ⏱️16m48.722s🌐md9aus.com
143🚚E301❌143 0 0 0 0 0 000 000.0💎00|00 ⏱️16m28.916s🌐megawin88au.com
144💻E103❌144 0 0 0 0 0 000 000.0💎00|00 ⏱️16m29.691s🌐meth688.com
145💻E103❌145 0 0 0 0 0 000 000.0💎00|00 ⏱️16m09.219s🌐methmeth.com
146💻E103❌146 0 0 0 0 0 000 000.0💎00|00 ⏱️16m09.015s🌐methspin.com
147💻E103❌147 0 0 0 0 0 000 000.0💎00|00 ⏱️15m44.297s🌐methwin.com
148💻E103❌148 0 0 0 0 0 000 000.0💎00|00 ⏱️14m59.293s🌐micky13.net
149💻E103❌149 0 0 0 0 0 000 000.0💎00|00 ⏱️14m29.478s🌐millionaireaud.com
150💻E103❌150 0 0 0 0 0 000 000.0💎00|00 ⏱️13m45.288s🌐minionspin.pro
151🚚E301❌151 0 0 0 0 0 000 000.0💎00|00 ⏱️13m51.048s🌐mix9au.com
152💻E103❌152 0 0 0 0 0 000 000.0💎00|00 ⏱️13m17.768s🌐mnp88.pro
153💻E103❌153 0 0 0 0 0 000 000.0💎00|00 ⏱️12m59.392s🌐mofospin.com
154💻E530❌154 0 0 0 0 0 000 000.0💎00|00 ⏱️13m06.237s🌐monica999.co
155🚚E301❌155 0 0 0 0 0 000 000.0💎00|00 ⏱️13m10.688s🌐mrbk8.co
156🚚E301❌156 0 0 0 0 0 000 000.0💎00|00 ⏱️13m09.319s🌐mrgreen8.com
157💻E103❌157 0 0 0 0 0 000 000.0💎00|00 ⏱️12m42.560s🌐mrwin888.com
158🚚E301❌158 0 0 0 0 0 000 000.0💎00|00 ⏱️12m32.926s🌐msn33.com
159💻E103❌159 0 0 0 0 0 000 000.0💎00|00 ⏱️12m17.514s🌐mummyaus.com
160💻E103❌160 0 0 0 0 0 000 000.0💎00|00 ⏱️12m21.158s🌐n1spin.com
161🚚E301❌161 0 0 0 0 0 000 000.0💎00|00 ⏱️11m46.014s🌐nbapay.com
162🚚E301❌162 0 0 0 0 0 000 000.0💎00|00 ⏱️11m53.977s🌐ninjabet88.vip
163🚚E301❌163 0 0 0 0 0 000 000.0💎00|00 ⏱️11m32.090s🌐ninjaturtle.vip
164💻E103❌164 0 0 0 0 0 000 000.0💎00|00 ⏱️11m16.307s🌐nugget77.com
165🚚E301❌165 0 0 0 0 0 000 000.0💎00|00 ⏱️11m04.669s🌐ohyes66.com
166🚚E301❌166 0 0 0 0 0 000 000.0💎00|00 ⏱️11m06.265s🌐opera777.co
167🚚E301❌167 0 0 0 0 0 000 000.0💎00|00 ⏱️11m14.123s🌐outback444.com
168💻E103❌168 0 0 0 0 0 000 000.0💎00|00 ⏱️10m55.776s🌐ozplay.net
169💻E103❌169 0 0 0 0 0 000 000.0💎00|00 ⏱️10m49.563s🌐ozwin77.com
170💻E103❌170 0 0 0 0 0 000 000.0💎00|00 ⏱️10m28.394s🌐pawkies.co
171🚚E301❌171 0 0 0 0 0 000 000.0💎00|00 ⏱️10m40.400s🌐payday247.net
172💻E103❌172 0 0 0 0 0 000 000.0💎00|00 ⏱️10m34.353s🌐paynow77.com
173💻E103❌173 0 0 0 0 0 000 000.0💎00|00 ⏱️10m39.855s🌐peakyblinders777.com
174💻E103❌174 0 0 0 0 0 000 000.0💎00|00 ⏱️10m30.647s🌐penguinwin.com
175💻E103❌175 0 0 0 0 0 000 000.0💎00|00 ⏱️10m31.485s🌐pg9aus.com
176💻E103❌176 0 0 0 0 0 000 000.0💎00|00 ⏱️10m10.743s🌐play88aud.com
177💻E103❌177 0 0 0 0 0 000 000.0💎00|00 ⏱️10m02.578s🌐playmeth.com
178🚚E301❌178 0 0 0 0 0 000 000.0💎00|00 ⏱️10m09.402s🌐pokies007.com
179🚚E301❌179 0 0 0 0 0 000 000.0💎00|00 ⏱️10m16.574s🌐pokies2u.com
180💻E103❌180 0 0 0 0 0 000 000.0💎00|00 ⏱️10m06.167s🌐pokiesojo.com
181🚚E301❌181 0 0 0 0 0 000 000.0💎00|00 ⏱️9m59.790s🌐pokiestt.com
182💻E103❌182 0 0 0 0 0 000 000.0💎00|00 ⏱️9m30.978s🌐pt77au.club
183🚚E301❌183 0 0 0 0 0 000 000.0💎00|00 ⏱️9m20.349s🌐q7pokies.com
184💻E103❌184 0 0 0 0 0 000 000.0💎00|00 ⏱️9m07.739s🌐queenau.com
185💻E103❌185 0 0 0 0 0 000 000.0💎00|00 ⏱️8m41.281s🌐r35au.co
186💻E103❌186 0 0 0 0 0 000 000.0💎00|00 ⏱️8m26.579s🌐r8aud.com
187💻E103❌187 0 0 0 0 0 000 000.0💎00|00 ⏱️8m11.406s🌐reef33.co
188🚚E301❌188 0 0 0 0 0 000 000.0💎00|00 ⏱️7m54.688s🌐richboy.co
189💻E405❌189 0 0 0 0 0 000 000.0💎00|00 ⏱️8m07.703s🌐richpokies.com
190💻E104❌190 0 0 0 0 0 000 000.0💎00|00 ⏱️9m33.313s🌐rizspin.com
191🚚E301❌191 0 0 0 0 0 000 000.0💎00|00 ⏱️9m09.059s🌐rockgold33.com
192🚚E301❌192 0 0 0 0 0 000 000.0💎00|00 ⏱️9m08.976s🌐rose21.app
193🚚E301❌193 0 0 0 0 0 000 000.0💎00|00 ⏱️9m13.123s🌐royal9au.com
194🚚E301❌194 0 0 0 0 0 000 000.0💎00|00 ⏱️9m06.107s🌐royale88.club
195🚚E301❌195 0 0 0 0 0 000 000.0💎00|00 ⏱️9m13.401s🌐s99au.com
196💻E103❌196 0 0 0 0 0 000 000.0💎00|00 ⏱️9m03.116s🌐scr111.com
197💻E103❌197 0 0 0 0 0 000 000.0💎00|00 ⏱️9m39.059s🌐scr55.com
198💻E104❌198 0 0 0 0 0 000 000.0💎00|00 ⏱️10m41.264s🌐scr66.net
199🚚E301❌199 0 0 0 0 0 000 000.0💎00|00 ⏱️10m16.846s🌐sega99aud.com
200💻E103❌200 0 0 0 0 0 000 000.0💎00|00 ⏱️8m45.957s🌐sking668.co
201💻E103❌201 0 0 0 0 0 000 000.0💎00|00 ⏱️8m39.044s🌐slotmeth.com
202🚚E301❌202 0 0 0 0 0 000 000.0💎00|00 ⏱️8m40.891s🌐sm8aud.com
203💻E103❌203 0 0 0 0 0 000 000.0💎00|00 ⏱️8m19.122s🌐spadeau.com
204💻E530❌204 0 0 0 0 0 000 000.0💎00|00 ⏱️8m02.570s🌐spbo11.vip
205🚚E301❌205 0 0 0 0 0 000 000.0💎00|00 ⏱️7m52.144s🌐speedwin99.com
206💻E103❌206 0 0 0 0 0 000 000.0💎00|00 ⏱️7m39.744s🌐speedwinz.com
207💻E103❌207 0 0 0 0 0 000 000.0💎00|00 ⏱️6m56.028s🌐spin126.com
208💻E403❌208 0 0 0 0 0 000 000.0💎00|00 ⏱️5m52.032s🌐spincash88.cash
209🚚E301❌209 0 0 0 0 0 000 000.0💎00|00 ⏱️5m42.748s🌐spindeluxe777.com
210💻E103❌210 0 0 0 0 0 000 000.0💎00|00 ⏱️5m35.161s🌐spinsage33.com
211💻E103❌211 0 0 0 0 0 000 000.0💎00|00 ⏱️5m26.307s🌐strawberry96.com
212🚚E301❌212 0 0 0 0 0 000 000.0💎00|00 ⏱️5m13.962s🌐tcl99aus.com
213💻E103❌213 0 0 0 0 0 000 000.0💎00|00 ⏱️5m03.500s🌐theoneau.com
214💻E103❌214 0 0 0 0 0 000 000.0💎00|00 ⏱️4m59.614s🌐thestar99.com
215💻E103❌215 0 0 0 0 0 000 000.0💎00|00 ⏱️4m41.716s🌐tlcwin.com
216🚚E301❌216 0 0 0 0 0 000 000.0💎00|00 ⏱️4m46.092s🌐tokofthetown.com
217🚚E301❌217 0 0 0 0 0 000 000.0💎00|00 ⏱️4m36.051s🌐tony99aus.com
218💻E104❌218 0 0 0 0 0 000 000.0💎00|00 ⏱️5m50.008s🌐topspin.one
219💻E103❌219 0 0 0 0 0 000 000.0💎00|00 ⏱️5m34.097s🌐township64.com
220💻E103❌220 0 0 0 0 0 000 000.0💎00|00 ⏱️5m25.003s🌐tt99au.com
221🚚E301❌221 0 0 0 0 0 000 000.0💎00|00 ⏱️5m12.845s🌐u99au.com
222💻E103❌222 0 0 0 0 0 000 000.0💎00|00 ⏱️4m57.109s🌐ubibet.co
223🚚E301❌223 0 0 0 0 0 000 000.0💎00|00 ⏱️4m51.485s🌐unibet7.com
224🚚E301❌224 0 0 0 0 0 000 000.0💎00|00 ⏱️4m39.352s🌐v96au.com
225💻E103❌225 0 0 0 0 0 000 000.0💎00|00 ⏱️4m27.523s🌐v9aus.com
226💻E530❌226 0 0 0 0 0 000 000.0💎00|00 ⏱️4m08.957s🌐vbet44.com
227🚚E301❌227 0 0 0 0 0 000 000.0💎00|00 ⏱️3m56.611s🌐vegas99.co
228🚚E301❌228 0 0 0 0 0 000 000.0💎00|00 ⏱️2m45.692s🌐vegasau.net
229🚚E301❌229 0 0 0 0 0 000 000.0💎00|00 ⏱️2m35.524s🌐vspin365.com
230🚚E301❌230 0 0 0 0 0 000 000.0💎00|00 ⏱️2m31.843s🌐vvipaud.co
231💻E405❌231 0 0 0 0 0 000 000.0💎00|00 ⏱️2m30.272s🌐w99au.com
232🚚E301❌232 0 0 0 0 0 000 000.0💎00|00 ⏱️2m21.036s🌐wabet77.com
233💻E103❌233 0 0 0 0 0 000 000.0💎00|00 ⏱️2m06.190s🌐waboom77.com
234🚚E301❌234 0 0 0 0 0 000 000.0💎00|00 ⏱️1m56.060s🌐we966.com
235💻E103❌235 0 0 0 0 0 000 000.0💎00|00 ⏱️1m45.880s🌐weplay9aus.com
236💻E103❌236 0 0 0 0 0 000 000.0💎00|00 ⏱️1m35.351s🌐weslot88.org
237💻E103❌237 0 0 0 0 0 000 000.0💎00|00 ⏱️1m26.530s🌐wincity.online
238🚚E301❌238 0 0 0 0 0 000 000.0💎00|00 ⏱️1m21.055s🌐wincrown7.com
239💻E104❌239 0 0 0 0 0 000 000.0💎00|00 ⏱️2m00.343s🌐winmate88.com
240💻E530❌240 0 0 0 0 0 000 000.0💎00|00 ⏱️1m43.310s🌐winmore8.com
241💻E103❌241 0 0 0 0 0 000 000.0💎00|00 ⏱️1m25.604s🌐winnie13.net
242🚚E301❌242 0 0 0 0 0 000 000.0💎00|00 ⏱️1m12.044s🌐winspin33.com
243🚚E301❌243 0 0 0 0 0 000 000.0💎00|00 ⏱️0m58.147s🌐wrbaus.com
244💻E530❌244 0 0 0 0 0 000 000.0💎00|00 ⏱️0m43.722s🌐myth88.com
245💻E103❌245 0 0 0 0 0 000 000.0💎00|00 ⏱️0m29.806s🌐xmas7.com
246💻E103❌246 0 0 0 0 0 000 000.0💎00|00 ⏱️0m15.072s🌐zircon33.com
247🚚E301❌247 0 0 0 0 0 000 000.0💎00|00 ⏱️0m00.000s🌐zombies9.com

╭──────────────────────────────────────────────────────────────────────────────╮
│                                                                              │
│                        ╭─────── 🏁 RESULTS ────────╮                         │
│                        │ Scraping Complete         │                         │
│                        │   Sites Scraped:  247     │                         │
│                        │   Successful:    0        │                         │
│                        │   Failed:        247      │                         │
│                        │   Success Rate:  0.0%     │                         │
│                        │   Bonuses Found: 0        │                         │
│                        │   New Bonuses:   0        │                         │
│                        │   Elapsed:       00:24:05 │                         │
│                        ╰───────────────────────────╯                         │
│                                                                              │
╰──────────────────────────────────────────────────────────────────────────────╯
                      ● Dashboard at http://127.0.0.1:8000                      
