╭──────────────────────── 🚀 Bonus Scraper Engine v5.0 ────────────────────────╮
│                                                                              │
│ ╭─ ⚡ PERFORMA─╮╭─ 🌐 INFRASTR─╮╭─── 📋 JOB ───╮╭── HEALTH ──╮╭── ERRORS ──╮ │
│ │  Concurren…  ││  Proxy Pool  ││  URLs        ││ 🟥 0%      ││ ✅ OK      │ │
│ │  10 Workers  ││  0 Active    ││  Queued      ││ 🔴 10%     ││ 👻 404     │ │
│ │  Throughput  ││  Proxy       ││  580         ││ ❤️  20%    ││ 🚫 403     │ │
│ │  ~157        ││  Logic       ││  Shuffle     ││ 🟧 25%     ││ 🚚 301     │ │
│ │  URLs/min    ││  Per-Worker  ││  No          ││ 🟠 35%     ││ 📡 101     │ │
│ │  Delays      ││  Pool        │╰──────────────╯│ 🧡 45%     ││ ☁️ 503     │ │
│ │  2.0-5.6s    │╰──────────────╯                │ 🟨 50%     ││ 🐌 Lag     │ │
│ │  Timeout     │                                │ 🟡 60%     ││ 📉 Track   │ │
│ │  15s         │                                │ 💛 70%     ││            │ │
│ ╰──────────────╯                                │ 🟩 75%     ││            │ │
│ ╭─ 💻 ENVIRONM─╮╭─ 📊 SYSTEM H─╮╭─ 🛡️ SECURITY─╮│ 🟢 85%     ││            │ │
│ │  OS          ││  CPU         ││  Auth User   ││ 💚 95%     ││            │ │
│ │  Android     ││  N/A         ││  admin       ││ 💚 100%    ││            │ │
│ │  Py Version  ││  Uptime      ││  SSL Check   ││            ││            │ │
│ │  3.13.13     ││  00:00:00    ││  Disabled    ││            ││            │ │
│ ╰──────────────╯╰──────────────╯│  IP          ││            ││            │ │
│                                 │  Reputation  ││            ││            │ │
│                                 │  0/100       ││            ││            │ │
│                                 ╰──────────────╯╰────────────╯╰────────────╯ │
│ ╭───────────────────────────── 🕵️ USER AGENT ──────────────────────────────╮ │
│ │  User Agent Identity                                                     │ │
│ │  Mozilla/5.0 (Windows NT 10.0; Win64; x64) AppleWebKit/537.36 (KHTML,    │ │
│ │  like Gecko) Chrome/120.0.0.0 Safari/537.36                              │ │
│ ╰──────────────────────────────────────────────────────────────────────────╯ │
│                                                                              │
╰──────────────────────────────────────────────────────────────────────────────╯
╭──────────────────────────────────────────────────────────────────────────────╮
│             📡 COMMAND DASHBOARD ACTIVE : http://127.0.0.1:8000              │
╰──────────────────────────────────────────────────────────────────────────────╯
                   ● SYSTEM READY PRESS [CTRL+C] TO TERMINATE                   
007✅DONE✅01 💯 💯 💯 💯 💯 014 000.0💎00|00 ⏱️9m22.405s🌐truewin77.com
005✅DONE✅02 💯 💯 💯 💯 💯 040 020.0💎01|01 ⏱️9m27.317s🌐glorya77.com
008✅DONE✅03 💯 💯 💯 💯 💯 037 012.5💎00|01 ⏱️9m25.623s🌐thepokies33.com
009✅DONE✅04 💯 💯 💯 💯 💯 044 011.1💎00|01 ⏱️9m30.171s🌐diamondaud.com
004✅DONE✅05 💯 💯 💯 💯 💯 125 025.0💎00|01 ⏱️9m46.412s🌐umi999.com
006✅DONE✅06 💯 💯 💯 💯 💯 100 016.7💎00|01 ⏱️9m54.879s🌐pesi13.com
001✅DONE✅07 💯 💯 💯 💯 💯 700 100.0💎00|01 ⏱️10m08.483s🌐spade69.co
003✅DONE✅08 💯 💯 💯 💯 💯 266 033.3💎00|01 ⏱️10m13.690s🌐pokies4bet.com
002✅DONE✅09 💯 💯 💯 💯 💯 450 050.0💎00|01 ⏱️10m20.757s🌐crown69.co
010✅DONE✅10 💯 💯 💯 💯 💯 100 010.0💎00|01 ⏱️10m17.392s🌐audwin9.com
018✅DONE✅11 💯 💯 💯 💯 💯 061 005.6💎00|01 ⏱️10m03.552s🌐efa99aus.com
012✅DONE✅12 💯 💯 💯 💯 💯 100 008.3💎00|01 ⏱️10m20.834s🌐jaws68.com
014✅DONE✅13 💯 💯 💯 💯 💯 092 007.1💎00|01 ⏱️10m32.108s🌐gwin9au.com
011✅DONE✅14 💯 💯 💯 💯 💯 127 009.1💎00|01 ⏱️10m50.270s🌐ijoker88au.com
013✅DONE✅15 💯 💯 💯 💯 💯 115 007.7💎00|01 ⏱️11m00.393s🌐panda95au.com
016✅DONE✅16 💯 💯 💯 💯 💯 106 006.2💎00|01 ⏱️11m02.094s🌐vvip15au.com
020✅DONE✅17 💯 💯 💯 💯 💯 085 005.0💎00|01 ⏱️10m59.831s🌐skygate9au.com
015✅DONE✅18 💯 💯 💯 💯 💯 120 006.7💎00|01 ⏱️11m12.150s🌐topaz33.com
019✅DONE✅19 💯 💯 💯 💯 💯 100 005.3💎00|01 ⏱️11m11.532s🌐unitedau.com
017✅DONE✅20 💯 💯 💯 💯 💯 117 005.9💎00|01 ⏱️11m23.108s🌐thepokies96.com
022✅DONE✅21 💯 💯 💯 💯 💯 095 004.5💎00|01 ⏱️11m21.675s🌐ispeed88au.com
021✅DONE✅22 💯 💯 💯 💯 💯 104 004.8💎00|01 ⏱️11m23.075s🌐jw8au.com
025✅DONE✅23 💯 💯 💯 💯 💯 092 004.0💎00|01 ⏱️11m02.490s🌐venus55.com
023✅DONE✅24 💯 💯 💯 💯 💯 104 004.3💎00|01 ⏱️10m52.270s🌐inskingdom8.com
029✅DONE✅25 💯 💯 💯 💯 💯 086 003.4💎00|01 ⏱️10m25.782s🌐aud365.co
028✅DONE✅26 💯 💯 💯 💯 💯 092 003.6💎00|01 ⏱️10m21.916s🌐cr33au.com
024✅DONE✅27 💯 💯 💯 💯 💯 112 004.2💎00|01 ⏱️10m29.459s🌐rtpvictory88.com
026✅DONE✅28 💯 💯 💯 💯 💯 107 003.8💎00|01 ⏱️10m23.385s🌐race96.com
030✅DONE✅29 💯 💯 💯 💯 💯 096 003.3💎00|01 ⏱️10m12.645s🌐tab9au.com
027✅DONE✅30 💯 💯 💯 💯 💯 111 003.7💎00|01 ⏱️10m11.007s🌐keno99.com
031✅DONE✅31 💯 💯 💯 💯 💯 100 003.2💎00|01 ⏱️10m05.727s🌐aus2u.com
033✅DONE✅32 💯 💯 💯 💯 💯 096 003.0💎00|01 ⏱️9m52.179s🌐pokiesbillion.com
034✅DONE✅33 💯 💯 💯 💯 💯 097 002.9💎00|01 ⏱️9m50.731s🌐mee88aus.com
035✅DONE✅34 💯 💯 💯 💯 💯 097 008.6💎02|03 ⏱️9m46.105s🌐aud99.com
032✅DONE✅35 💯 💯 💯 💯 💯 109 009.4💎00|03 ⏱️10m02.815s🌐speedau.live
037✅DONE✅36 💯 💯 💯 💯 💯 097 008.1💎00|03 ⏱️9m49.409s🌐reef33.vip
036✅DONE✅37 💯 💯 💯 💯 💯 102 008.3💎00|03 ⏱️9m38.878s🌐royalaud.com
038✅DONE✅38 💯 💯 💯 💯 💯 100 007.9💎00|03 ⏱️9m28.676s🌐we1winau.com
041✅DONE✅39 💯 💯 💯 💯 💯 095 007.3💎00|03 ⏱️9m14.612s🌐spaceman369.com
040✅DONE✅40 💯 💯 💯 💯 💯 100 007.5💎00|03 ⏱️9m10.197s🌐dolphin88.co
039✅DONE✅41 💯 💯 💯 💯 💯 105 007.7💎00|03 ⏱️9m28.125s🌐cergas.online
042✅DONE✅42 💯 💯 💯 💯 💯 100 007.1💎00|03 ⏱️9m31.123s🌐22pokies.com
043✅DONE✅43 💯 💯 💯 💯 💯 100 007.0💎00|03 ⏱️9m37.563s🌐royale9au.com
045✅DONE✅44 💯 💯 💯 💯 💯 097 006.7💎00|03 ⏱️9m41.888s🌐richspinau.com
044✅DONE✅45 💯 💯 💯 💯 💯 102 006.8💎00|03 ⏱️9m48.163s🌐jackpotau.com
046✅DONE✅46 💯 💯 💯 💯 💯 100 006.5💎00|03 ⏱️9m56.921s🌐play99au.com
048✅DONE✅47 💯 💯 💯 💯 💯 097 006.2💎00|03 ⏱️9m57.913s🌐thestar.asia
049✅DONE✅48 💯 💯 💯 💯 💯 097 006.1💎00|03 ⏱️9m56.446s🌐mrbet9au.info
047✅DONE✅49 💯 💯 💯 💯 💯 104 006.4💎00|03 ⏱️10m16.502s🌐riches88.live
050✅DONE✅50 💯 💯 💯 💯 💯 100 006.0💎00|03 ⏱️10m10.315s🌐win99aud.com
052✅DONE✅51 💯 💯 💯 💯 💯 098 005.8💎00|03 ⏱️9m55.895s🌐candymommy.co
051🚚E301❌01 80 90 95 98 98 100 005.9💎00|03 ⏱️10m03.451s🌐harbour33.com
054✅DONE✅01 80 90 95 98 98 096 005.6💎00|03 ⏱️9m56.115s🌐mrbean9.com
053✅DONE✅02 80 90 95 98 98 100 005.7💎00|03 ⏱️10m04.025s🌐luxeau777.com
055✅DONE✅03 80 90 95 98 98 098 005.5💎00|03 ⏱️9m48.931s🌐safeau.net
056✅DONE✅04 80 90 95 98 98 098 005.4💎00|03 ⏱️9m42.008s🌐spinup77.com
057✅DONE✅05 💯 90 95 98 98 098 005.3💎00|03 ⏱️9m44.088s🌐hollywoodaus.com
058✅DONE✅06 💯 90 95 98 98 098 005.2💎00|03 ⏱️9m53.719s🌐top1cas.com
061✅DONE✅07 💯 90 95 98 98 095 004.9💎00|03 ⏱️9m38.599s🌐cyberbet77.com
059🚚E301❌01 80 80 90 96 96 101 005.1💎00|03 ⏱️9m49.454s🌐speedaud.com
060🚚E301❌02 60 70 85 94 94 100 005.0💎00|03 ⏱️9m56.787s🌐king88pokies.com
062✅DONE✅01 60 80 85 94 94 098 004.8💎00|03 ⏱️9m53.913s🌐in8.one
064✅DONE✅02 60 80 85 94 94 096 004.7💎00|03 ⏱️10m02.911s🌐cashnet99.com
063✅DONE✅03 60 80 85 94 94 100 004.8💎00|03 ⏱️10m06.094s🌐audgaming8.com
066✅DONE✅04 80 80 85 94 94 096 004.5💎00|03 ⏱️10m05.368s🌐rubyaud.com
068✅DONE✅05 💯 80 85 94 94 095 004.4💎00|03 ⏱️9m56.346s🌐tab968.com
067✅DONE✅06 💯 80 85 94 94 098 004.5💎00|03 ⏱️9m58.665s🌐penguin88.club
065✅DONE✅07 💯 80 85 94 94 103 004.6💎00|03 ⏱️10m02.560s🌐ezspin68.vip
070✅DONE✅08 💯 80 85 94 94 097 004.3💎00|03 ⏱️9m55.057s🌐skyspin96.co
071✅DONE✅09 💯 90 85 94 94 097 004.2💎00|03 ⏱️9m45.220s🌐ezaud.com
072✅DONE✅10 💯 💯 85 94 94 097 004.2💎00|03 ⏱️9m38.001s🌐gold77au.com
079✅DONE✅11 💯 💯 90 94 94 089 003.8💎00|03 ⏱️9m18.222s🌐intensity2aus.com
078✅DONE✅12 💯 💯 90 94 94 092 005.1💎01|04 ⏱️9m07.878s🌐play77au.com
075✅DONE✅13 💯 💯 90 94 94 097 005.3💎00|04 ⏱️9m03.474s🌐trust88au.com
080🚚E301❌01 80 90 85 92 92 091 005.0💎00|04 ⏱️8m48.071s🌐1bigwin.com
074✅DONE✅01 80 90 85 92 92 100 005.4💎00|04 ⏱️9m06.252s🌐cyberpunk369.com
073✅DONE✅02 80 90 85 92 92 102 005.5💎00|04 ⏱️9m11.437s🌐ubet96.com
076✅DONE✅03 80 90 85 92 92 100 005.3💎00|04 ⏱️9m06.336s🌐luck77au.com
081✅DONE✅04 80 90 85 92 92 095 004.9💎00|04 ⏱️9m08.298s🌐u88aud.com
083✅DONE✅05 💯 90 90 92 92 093 004.8💎00|04 ⏱️9m04.343s🌐vip777au.com
086✅DONE✅06 💯 90 95 92 92 091 004.7💎00|04 ⏱️8m58.235s🌐pp99au.com
087✅DONE✅07 💯 90 95 92 92 091 004.6💎00|04 ⏱️8m58.904s🌐zeroaud.com
084✅DONE✅08 💯 90 95 92 92 096 004.8💎00|04 ⏱️9m08.492s🌐gembetaus.com
082✅DONE✅09 💯 90 95 92 92 100 004.9💎00|04 ⏱️9m18.596s🌐crown155au.com
085✅DONE✅10 💯 💯 95 92 92 097 005.9💎01|05 ⏱️9m32.271s🌐neolux.vip
088✅DONE✅11 💯 💯 95 92 92 095 005.7💎00|05 ⏱️9m28.909s🌐maxspin7.com
089✅DONE✅12 💯 💯 95 92 92 095 005.6💎00|05 ⏱️9m15.694s🌐vv88aud.io
092✅DONE✅13 💯 💯 95 92 92 093 005.4💎00|05 ⏱️9m01.546s🌐lego66.co
091✅DONE✅14 💯 💯 95 92 92 095 005.5💎00|05 ⏱️8m57.987s🌐pokiesking1.com
094✅DONE✅15 💯 💯 95 92 92 093 005.3💎00|05 ⏱️8m51.404s🌐luckymate88.com
090✅DONE✅16 💯 💯 95 92 92 098 005.6💎00|05 ⏱️9m05.018s🌐avg88.com
095✅DONE✅17 💯 💯 95 92 92 094 005.3💎00|05 ⏱️8m59.333s🌐world99aud.com
093✅DONE✅18 💯 💯 95 92 92 097 005.4💎00|05 ⏱️9m07.675s🌐bondi333.com
096✅DONE✅19 💯 💯 95 92 92 095 005.2💎00|05 ⏱️9m02.604s🌐dd8au.com
098✅DONE✅20 💯 💯 💯 92 92 094 005.1💎00|05 ⏱️8m47.440s🌐spincrown33.com
097✅DONE✅21 💯 💯 💯 92 92 096 005.2💎00|05 ⏱️8m50.419s🌐rolex9.net
103✅DONE✅22 💯 💯 💯 92 92 092 004.9💎00|05 ⏱️8m35.468s🌐fc8au.com
100✅DONE✅23 💯 💯 💯 92 92 096 005.0💎00|05 ⏱️8m40.618s🌐southern9.com
099✅DONE✅24 💯 💯 💯 92 92 097 005.1💎00|05 ⏱️8m53.522s🌐betworld96au.com
101✅DONE✅25 💯 💯 💯 92 96 097 005.0💎00|05 ⏱️9m02.263s🌐mrpokies77.com
102✅DONE✅26 💯 💯 💯 92 96 097 004.9💎00|05 ⏱️9m07.642s🌐sapphireaud.com
104✅DONE✅27 💯 💯 💯 94 96 096 004.8💎00|05 ⏱️9m09.370s🌐galaxyau.com
106✅DONE✅28 💯 💯 💯 94 96 095 004.7💎00|05 ⏱️8m56.988s🌐vip77.club
108✅DONE✅29 💯 💯 💯 94 96 094 004.6💎00|05 ⏱️8m36.830s🌐super996.com
107✅DONE✅30 💯 💯 💯 94 96 096 004.7💎00|05 ⏱️8m39.750s🌐aus88win.com
105✅DONE✅31 💯 💯 💯 94 96 099 004.8💎00|05 ⏱️8m39.861s🌐audgo.net
109✅DONE✅32 💯 💯 💯 94 96 096 004.6💎00|05 ⏱️8m42.179s🌐eebet9.com
110✅DONE✅33 💯 💯 💯 94 96 096 004.5💎00|05 ⏱️8m34.915s🌐ausbet88.com
111✅DONE✅34 💯 💯 💯 94 96 096 004.5💎00|05 ⏱️8m20.798s🌐redspin88.com
112✅DONE✅35 💯 💯 💯 96 96 096 004.5💎00|05 ⏱️8m12.938s🌐dns33.com
118✅DONE✅36 💯 💯 💯 98 96 092 004.2💎00|05 ⏱️7m45.149s🌐space9au.com
114✅DONE✅37 💯 💯 💯 98 96 096 004.4💎00|05 ⏱️7m51.670s🌐1winbet369.com
116✅DONE✅38 💯 💯 💯 98 96 095 004.3💎00|05 ⏱️7m51.479s🌐boyabet9.com
113✅DONE✅39 💯 💯 💯 98 96 099 004.4💎00|05 ⏱️8m10.158s🌐mcdollar9.com
117✅DONE✅40 💯 💯 💯 98 96 096 004.3💎00|05 ⏱️8m07.011s🌐kangaroo88.com
115✅DONE✅41 💯 💯 💯 98 96 099 004.3💎00|05 ⏱️8m08.639s🌐spinking.co
120✅DONE✅42 💯 💯 💯 98 96 095 004.2💎00|05 ⏱️8m02.895s🌐me99aud.com
119✅DONE✅43 💯 💯 💯 98 96 097 004.2💎00|05 ⏱️8m10.394s🌐ss9au.net
125✅DONE✅44 💯 💯 💯 98 96 093 004.0💎00|05 ⏱️8m02.430s🌐v6aus.com
123✅DONE✅45 💯 💯 💯 98 96 095 004.1💎00|05 ⏱️8m06.979s🌐kingdom9aus.com
124✅DONE✅46 💯 💯 💯 98 96 095 004.0💎00|05 ⏱️8m16.204s🌐kingpower365.com
122✅DONE✅47 💯 💯 💯 98 96 098 004.1💎00|05 ⏱️8m18.899s🌐bigpay77.net
126✅DONE✅48 💯 💯 💯 98 96 096 004.0💎00|05 ⏱️8m16.725s🌐auboss.co
127✅DONE✅49 💯 💯 💯 98 96 096 003.9💎00|05 ⏱️8m09.043s🌐weplay88.com
121✅DONE✅50 💯 💯 💯 💯 96 101 005.0💎01|06 ⏱️8m36.969s🌐wildngo.net
128✅DONE✅51 💯 💯 💯 💯 96 096 004.7💎00|06 ⏱️8m30.745s🌐play369.co
133✅DONE✅52 💯 💯 💯 💯 96 093 004.5💎00|06 ⏱️8m22.184s🌐eq9au.com
131✅DONE✅53 💯 💯 💯 💯 96 096 005.3💎01|07 ⏱️8m22.633s🌐select777.net
132✅DONE✅54 💯 💯 💯 💯 96 096 005.3💎00|07 ⏱️8m25.279s🌐ii89au.com
129✅DONE✅55 💯 💯 💯 💯 96 099 005.4💎00|07 ⏱️8m34.266s🌐rolex66.vip
130✅DONE✅56 💯 💯 💯 💯 96 099 005.4💎00|07 ⏱️8m36.093s🌐emax7.co
136✅DONE✅57 💯 💯 💯 💯 96 095 005.1💎00|07 ⏱️8m17.356s🌐okwin33.com
134✅DONE✅58 💯 💯 💯 💯 96 097 005.2💎00|07 ⏱️8m22.390s🌐nightclubaus.com
135✅DONE✅59 💯 💯 💯 💯 96 097 005.2💎00|07 ⏱️8m25.571s🌐ipay9aud.com
137✅DONE✅60 💯 💯 💯 💯 96 097 005.1💎00|07 ⏱️8m05.505s🌐koala88.co
138✅DONE✅61 💯 💯 💯 💯 96 097 005.1💎00|07 ⏱️7m59.939s🌐pokies7bet.com
141✅DONE✅62 💯 💯 💯 💯 96 095 005.0💎00|07 ⏱️8m00.450s🌐19rich.com
140✅DONE✅63 💯 💯 💯 💯 96 097 005.7💎01|08 ⏱️8m04.146s🌐enjoy96.com
139✅DONE✅64 💯 💯 💯 💯 96 098 005.8💎00|08 ⏱️8m10.838s🌐onewin9.com
142✅DONE✅65 💯 💯 💯 💯 96 097 005.6💎00|08 ⏱️7m57.085s🌐bonus96.com
144✅DONE✅66 💯 💯 💯 💯 96 096 005.6💎00|08 ⏱️7m42.357s🌐acehighwin.com
143✅DONE✅67 💯 💯 💯 💯 96 097 005.6💎00|08 ⏱️7m46.246s🌐slotmate88.com
147✅DONE✅68 💯 💯 💯 💯 96 095 005.4💎00|08 ⏱️7m29.459s🌐kaboom77.com
146✅DONE✅69 💯 💯 💯 💯 96 097 005.5💎00|08 ⏱️7m24.541s🌐wildspin24.com
145✅DONE✅70 💯 💯 💯 💯 96 098 005.5💎00|08 ⏱️7m24.895s🌐glbet9.com
150✅DONE✅71 💯 💯 💯 💯 96 096 005.3💎00|08 ⏱️7m14.048s🌐astar77au.com
149✅DONE✅72 💯 💯 💯 💯 96 097 005.4💎00|08 ⏱️7m18.783s🌐ubet66aus.com
148✅DONE✅73 💯 💯 💯 💯 96 098 005.4💎00|08 ⏱️7m25.621s🌐nextpokies.com
151✅DONE✅74 💯 💯 💯 💯 96 097 005.3💎00|08 ⏱️7m18.653s🌐u2win.online
152✅DONE✅75 💯 💯 💯 💯 96 097 005.3💎00|08 ⏱️7m24.267s🌐bunny96.com
154✅DONE✅76 💯 💯 💯 💯 96 096 005.2💎00|08 ⏱️7m25.689s🌐aud2u.com
153✅DONE✅77 💯 💯 💯 💯 97 098 005.2💎00|08 ⏱️7m35.757s🌐magicspin77aus.com
156✅DONE✅78 💯 💯 💯 💯 97 096 005.1💎00|08 ⏱️7m40.465s🌐ufo9.asia
155✅DONE✅79 💯 💯 💯 💯 97 098 005.2💎00|08 ⏱️7m49.952s🌐intensityaus.com
157✅DONE✅80 💯 💯 💯 💯 97 097 005.1💎00|08 ⏱️7m47.376s🌐richman96.com
159✅DONE✅81 💯 💯 💯 💯 97 096 005.0💎00|08 ⏱️7m43.764s🌐gofun33.com
158✅DONE✅82 💯 💯 💯 💯 97 098 005.1💎00|08 ⏱️7m42.615s🌐epicpokies.com
160✅DONE✅83 💯 💯 💯 💯 97 097 005.0💎00|08 ⏱️7m40.064s🌐i8au.online
162✅DONE✅84 💯 💯 💯 💯 97 096 004.9💎00|08 ⏱️7m32.092s🌐v8au.com
161✅DONE✅85 💯 💯 💯 💯 98 098 005.0💎00|08 ⏱️7m33.683s🌐pokies33au.com
164✅DONE✅86 💯 💯 💯 💯 99 096 004.9💎00|08 ⏱️7m30.550s🌐mb9au.net
163✅DONE✅87 💯 💯 💯 💯 99 098 004.9💎00|08 ⏱️7m27.320s🌐auslot7.com
167✅DONE✅88 💯 💯 💯 💯 99 096 004.8💎00|08 ⏱️7m18.732s🌐efa777.com
166✅DONE✅89 💯 💯 💯 💯 99 097 004.8💎00|08 ⏱️7m14.733s🌐live77bet.com
165✅DONE✅90 💯 💯 💯 💯 99 098 004.8💎00|08 ⏱️7m17.380s🌐goldencrown96.com
168✅DONE✅91 💯 💯 💯 💯 99 097 004.8💎00|08 ⏱️7m13.837s🌐bk8au.online
169✅DONE✅92 💯 💯 💯 💯 99 097 004.7💎00|08 ⏱️7m11.322s🌐ssv96.com
171✅DONE✅93 💯 💯 💯 💯 99 097 004.7💎00|08 ⏱️7m05.355s🌐enjoy2aus.com
172✅DONE✅94 💯 💯 💯 💯 99 097 004.7💎00|08 ⏱️7m11.169s🌐all117.com
170✅DONE✅95 💯 💯 💯 💯 99 098 004.7💎00|08 ⏱️7m17.645s🌐ozlotto88.com
177✅DONE✅96 💯 💯 💯 💯 99 095 004.5💎00|08 ⏱️7m09.653s🌐aus33.com
173✅DONE✅97 💯 💯 💯 💯 99 098 004.6💎00|08 ⏱️7m22.033s🌐clubimperioaus.com
174✅DONE✅98 💯 💯 💯 💯 99 098 004.6💎00|08 ⏱️7m33.480s🌐mkaus.co
175✅DONE✅99 💯 💯 💯 💯 99 098 004.6💎00|08 ⏱️7m40.902s🌐vip99.com
176✅DONE✅100 💯 💯 💯 💯 💯 098 004.5💎00|08 ⏱️7m41.805s🌐ozreel88.com
178✅DONE✅101 💯 💯 💯 💯 💯 097 004.5💎00|08 ⏱️7m40.958s🌐iw99au.com
179✅DONE✅102 💯 💯 💯 💯 💯 097 004.5💎00|08 ⏱️7m37.332s🌐vpower8.com
180✅DONE✅103 💯 💯 💯 💯 💯 097 004.4💎00|08 ⏱️7m37.290s🌐tab99au.com
184✅DONE✅104 💯 💯 💯 💯 💯 096 004.3💎00|08 ⏱️7m24.105s🌐enjoy33.vip
182✅DONE✅105 💯 💯 💯 💯 💯 097 004.4💎00|08 ⏱️7m18.808s🌐onya88.com
181✅DONE✅106 💯 💯 💯 💯 💯 098 004.4💎00|08 ⏱️7m27.330s🌐on88aud.io
183✅DONE✅107 💯 💯 💯 💯 💯 098 004.4💎00|08 ⏱️7m22.998s🌐betworld168.vip
186✅DONE✅108 💯 💯 💯 💯 💯 097 004.3💎00|08 ⏱️7m06.089s🌐megabet26.com
187✅DONE✅109 💯 💯 💯 💯 💯 097 004.3💎00|08 ⏱️6m50.319s🌐mmd9.net
185✅DONE✅110 💯 💯 💯 💯 💯 098 004.3💎00|08 ⏱️6m52.304s🌐ff96au.com
190🚚E301❌01 80 90 95 98 99 096 004.2💎00|08 ⏱️6m41.671s🌐44spin.com
188✅DONE✅01 80 90 95 98 99 097 004.3💎00|08 ⏱️6m45.830s🌐fatchoy66.club
195💻E103❌01 60 80 90 96 98 094 004.1💎00|08 ⏱️6m24.286s🌐22luckyspin.com
191✅DONE✅01 60 80 90 96 98 096 004.2💎00|08 ⏱️6m35.360s🌐won96.com
189✅DONE✅02 60 80 90 96 98 098 004.2💎00|08 ⏱️6m44.447s🌐bs22au.com
192✅DONE✅03 80 80 90 96 98 097 004.2💎00|08 ⏱️6m39.867s🌐champion9.com
194🚚E301❌01 60 70 85 94 97 096 004.1💎00|08 ⏱️6m33.702s🌐1pokies.com
197✅DONE✅01 80 70 85 94 97 095 004.1💎00|08 ⏱️6m27.175s🌐class777.com
193✅DONE✅02 80 70 85 94 97 097 004.1💎00|08 ⏱️6m43.108s🌐33spins.com
196✅DONE✅03 80 70 85 94 97 096 004.1💎00|08 ⏱️6m35.451s🌐9pokies.com
201🚚E301❌01 60 70 80 92 96 094 004.0💎00|08 ⏱️6m27.543s🌐12playau.com
198✅DONE✅01 80 70 80 92 96 096 004.0💎00|08 ⏱️6m36.289s🌐9au.com
202💻E103❌01 60 70 75 90 95 094 004.0💎00|08 ⏱️6m35.245s🌐99flashwin.com
199✅DONE✅01 60 70 75 90 95 096 004.0💎00|08 ⏱️6m36.629s🌐22aud.com
205💻E103❌01 40 60 70 88 94 093 003.9💎00|08 ⏱️6m08.757s🌐amb88.cc
200🚚E301❌02 40 50 65 86 93 096 004.0💎00|08 ⏱️6m08.783s🌐1aupokies.com
204🚚E301❌03 20 50 60 84 92 094 003.9💎00|08 ⏱️5m53.577s🌐9aus.com
203🚚E301❌04 20 40 55 82 91 094 003.9💎00|08 ⏱️6m00.272s🌐11win.com
209💻E103❌05 0 30 50 80 90 091 003.8💎00|08 ⏱️5m35.024s🌐99uber.com
211🚚E301❌06 0 20 45 78 89 090 003.8💎00|08 ⏱️5m22.775s🌐7vip7.com
208💻E103❌07 0 20 45 76 88 092 003.8💎00|08 ⏱️5m31.055s🌐aba33aus.com
213🚚E301❌08 0 10 40 74 87 090 003.8💎00|08 ⏱️5m12.431s🌐77au.net
210🚚E301❌09 0 10 40 72 86 091 003.8💎00|08 ⏱️5m20.249s🌐aud96.com
206✅DONE✅01 20 10 40 72 86 093 003.9💎00|08 ⏱️5m27.295s🌐77pokies.com
207✅DONE✅02 40 20 40 72 86 093 003.9💎00|08 ⏱️5m43.788s🌐acwin77.com
212✅DONE✅03 60 30 40 72 86 091 003.8💎00|08 ⏱️5m44.227s🌐afl88.com
214🚚E301❌01 60 30 40 70 85 091 003.7💎00|08 ⏱️5m44.985s🌐ac8aus.com
218💻E103❌02 60 30 35 68 84 089 003.7💎00|08 ⏱️5m28.509s🌐auspin8.com
215🚚E301❌03 40 30 30 66 83 090 003.7💎00|08 ⏱️5m39.047s🌐aawin68.com
220🚚E301❌04 20 30 25 64 82 088 003.6💎00|08 ⏱️5m34.340s🌐aud1000.com
219🚚E301❌05 0 30 25 62 81 089 003.7💎00|08 ⏱️5m34.203s🌐a9aud.com
221💻E103❌06 0 30 20 60 80 088 003.6💎00|08 ⏱️5m36.879s🌐aud77.net
216✅DONE✅01 20 40 25 60 80 090 003.7💎00|08 ⏱️5m47.128s🌐au68.net
217💻E405❌01 20 30 20 57 79 090 003.7💎00|08 ⏱️5m52.731s🌐a99au.com
222✅DONE✅01 40 30 25 57 79 088 003.6💎00|08 ⏱️5m44.299s🌐au99.co
225💻E103❌01 40 20 25 56 78 087 003.6💎00|08 ⏱️5m30.906s🌐ausclub.net
224✅DONE✅01 60 30 30 56 78 088 003.6💎00|08 ⏱️5m45.554s🌐au55.co
226✅DONE✅02 60 40 35 56 78 088 003.5💎00|08 ⏱️6m00.346s🌐au21.net
228✅DONE✅03 80 50 40 56 78 087 003.5💎00|08 ⏱️6m01.245s🌐aus4win.com
227✅DONE✅04 80 60 45 56 78 088 003.5💎00|08 ⏱️6m13.528s🌐auspay96.com
229💻E103❌01 80 60 45 54 77 087 003.5💎00|08 ⏱️6m14.012s🌐arkspin.com
232🚚E301❌02 60 60 45 52 76 086 003.4💎00|08 ⏱️6m06.010s🌐aus26.com
230🚚E301❌03 40 50 45 50 75 087 003.5💎00|08 ⏱️6m09.041s🌐ausbet99.com
233💻E403❌04 20 50 40 48 74 086 003.4💎00|08 ⏱️5m48.635s🌐auraaud.com
236💻E403❌05 0 40 35 46 73 085 003.4💎00|08 ⏱️5m33.040s🌐auplay.club
231✅DONE✅01 20 50 35 46 73 087 003.5💎00|08 ⏱️5m49.763s🌐auwin88.com
234💻E103❌01 20 40 35 44 72 086 003.4💎00|08 ⏱️5m31.491s🌐aussiebt.net
235✅DONE✅01 40 40 40 44 72 086 003.4💎00|08 ⏱️5m27.795s🌐auwin9.com
239💻E103❌01 40 30 40 42 71 084 003.3💎00|08 ⏱️5m17.496s🌐aussie8.net
223💻E104❌02 40 20 40 40 70 091 003.6💎00|08 ⏱️6m18.469s🌐avengeraus1.com
240🚚E301❌03 20 20 40 40 69 084 003.3💎00|08 ⏱️6m00.170s🌐aussie55.com
238✅DONE✅01 40 30 45 40 69 085 003.4💎00|08 ⏱️6m11.910s🌐aussieluck33au.com
237✅DONE✅02 40 40 45 42 69 086 003.4💎00|08 ⏱️6m14.949s🌐aussie96.com
242✅DONE✅03 60 50 50 42 69 085 003.3💎00|08 ⏱️6m17.657s🌐betjohn.net
243🚚E301❌01 60 50 45 40 68 084 003.3💎00|08 ⏱️6m18.882s🌐bigpay2u.com
241✅DONE✅01 80 50 50 40 68 085 003.3💎00|08 ⏱️6m18.882s🌐betzilla88.com
251💻E103❌01 60 50 45 40 67 082 003.2💎00|08 ⏱️6m06.662s🌐bonsai369.com
245🚚E301❌02 40 40 40 38 66 084 003.3💎00|08 ⏱️6m11.708s🌐bizzo777.com
244🚚E301❌03 20 40 35 36 65 084 003.3💎00|08 ⏱️6m24.300s🌐bankau.live
247✅DONE✅01 40 50 35 36 65 084 003.2💎00|08 ⏱️5m35.750s🌐betmeth.com
250✅DONE✅02 40 60 40 38 65 083 003.2💎00|08 ⏱️5m34.916s🌐bonza7.com
248✅DONE✅03 60 60 45 38 65 084 003.2💎00|08 ⏱️5m41.823s🌐bet365aud.com
254💻E103❌01 60 50 45 38 64 082 003.1💎00|08 ⏱️5m15.646s🌐bm7au.com
246🚚E301❌02 60 40 45 36 63 085 003.3💎00|08 ⏱️5m30.879s🌐bacca777.com
252🚚E301❌03 40 40 45 36 62 083 003.2💎00|08 ⏱️5m24.705s🌐checkmate7.com
249✅DONE✅01 40 40 45 38 62 084 003.2💎00|08 ⏱️5m33.249s🌐bn8aus.com
257💻E103❌01 20 40 45 38 61 082 003.1💎00|08 ⏱️5m23.009s🌐bmb99.com
253✅DONE✅01 40 50 45 40 61 083 003.2💎00|08 ⏱️5m26.902s🌐bonza96.com
256💻E103❌01 40 50 45 40 60 082 003.1💎00|08 ⏱️5m15.426s🌐cn8au.com
260🚚E301❌02 40 40 45 40 59 081 003.1💎00|08 ⏱️5m02.281s🌐crownbet.pro
261🚚E301❌03 20 30 45 40 57 081 003.1💎00|08 ⏱️4m55.324s🌐cashking99.com
262💻E103❌04 20 20 40 40 56 080 003.1💎00|08 ⏱️4m38.320s🌐candylucks.net
258✅DONE✅01 20 30 40 42 56 082 003.1💎00|08 ⏱️4m53.816s🌐candy96.com
259✅DONE✅02 40 40 40 42 56 082 003.1💎00|08 ⏱️4m49.932s🌐blaze007.com
264💻E103❌01 40 40 40 40 56 081 003.0💎00|08 ⏱️4m48.152s🌐crystalchips777.com
263🚚E301❌02 40 30 35 38 55 081 003.0💎00|08 ⏱️4m42.696s🌐cocspin.com
269💻E103❌03 40 30 35 38 54 079 003.0💎00|08 ⏱️4m36.305s🌐bybid9.com
270💻E103❌04 20 20 35 38 53 079 003.0💎00|08 ⏱️4m25.572s🌐dreamworldau.com
265🚚E301❌05 0 20 35 38 52 080 003.0💎00|08 ⏱️4m38.590s🌐diceau.online
268🚚E301❌06 0 20 30 38 51 079 003.0💎00|08 ⏱️4m46.670s🌐crackspin.com
266🚚E301❌07 0 20 25 38 50 080 003.0💎00|08 ⏱️5m01.126s🌐crown69.com
267✅DONE✅01 20 30 25 40 50 080 003.0💎00|08 ⏱️5m19.145s🌐crn7.com
275💻E103❌01 20 20 25 38 49 078 002.9💎00|08 ⏱️5m01.599s🌐day2spin.com
272🚚E301❌02 20 10 25 38 48 079 002.9💎00|08 ⏱️4m55.080s🌐cp2077.org
274💻E404❌03 20 10 25 36 47 078 002.9💎00|08 ⏱️4m54.658s🌐enjoy2win99.com
273💻E103❌04 20 10 20 36 46 078 002.9💎00|08 ⏱️4m52.068s🌐epicstar6.com
276✅DONE✅01 20 20 25 36 46 078 002.9💎00|08 ⏱️4m57.029s🌐deespin.com
278💻E103❌01 20 20 20 34 45 077 002.9💎00|08 ⏱️4m57.674s🌐ecstasybaby.com
280🚚E301❌02 20 20 20 32 44 077 002.9💎00|08 ⏱️4m45.975s🌐faraday.in
277✅DONE✅01 40 30 25 32 44 078 002.9💎00|08 ⏱️4m51.612s🌐deep668.co
281🚚E301❌01 40 30 25 32 43 077 002.8💎00|08 ⏱️4m38.354s🌐fastau.co
279✅DONE✅01 40 30 30 34 43 078 002.9💎00|08 ⏱️4m35.668s🌐cuntwin.com
282🚚E301❌01 40 30 25 34 42 077 002.8💎00|08 ⏱️4m41.345s🌐emu668.co
283✅DONE✅01 60 40 25 36 42 077 002.8💎00|08 ⏱️4m41.121s🌐f88spins.com
271💻E104❌01 40 40 25 36 41 080 003.0💎00|08 ⏱️5m31.132s🌐cuntcunt.com
284✅DONE✅01 60 50 30 36 41 077 002.8💎00|08 ⏱️5m19.714s🌐g9aus.com
285🚚E301❌01 40 40 30 36 40 077 002.8💎00|08 ⏱️5m20.565s🌐emperor9.com
287🚚E301❌02 40 40 30 34 39 076 002.8💎00|08 ⏱️5m23.545s🌐ebet9au.com
286✅DONE✅01 40 50 35 36 39 077 002.8💎00|08 ⏱️5m31.011s🌐galaxy96au.com
289💻E103❌01 40 40 35 36 38 076 002.8💎00|08 ⏱️5m19.329s🌐fuckfuck.app
290💻E103❌02 20 40 35 36 38 076 002.8💎00|08 ⏱️5m15.226s🌐drift668.co
288✅DONE✅01 40 40 35 36 38 077 002.8💎00|08 ⏱️5m15.678s🌐fafawinau.com
294💻E103❌01 40 40 35 34 38 075 002.7💎00|08 ⏱️4m59.452s🌐god88aus.com
296💻E103❌02 20 30 35 32 37 075 002.7💎00|08 ⏱️4m48.313s🌐everwin44.com
297💻E103❌03 20 30 35 32 36 074 002.7💎00|08 ⏱️4m04.259s🌐fuckmate.co
291🚚E301❌04 20 20 35 30 35 076 002.7💎00|08 ⏱️4m10.737s🌐gm9.co
298🚚E301❌05 0 20 30 30 35 074 002.7💎00|08 ⏱️4m01.168s🌐ho96.com
295✅DONE✅01 20 30 35 32 35 075 002.7💎00|08 ⏱️4m07.429s🌐gday9.com
301💻E103❌01 20 20 35 32 34 074 002.7💎00|08 ⏱️3m52.241s🌐hero-99.com
300🚚E301❌02 20 20 30 30 33 074 002.7💎00|08 ⏱️3m54.027s🌐gey99au.com
299✅DONE✅01 40 30 35 30 34 074 002.7💎00|08 ⏱️4m04.994s🌐fight22.com
302✅DONE✅02 60 30 35 30 34 074 002.6💎00|08 ⏱️4m04.122s🌐iplay77.com
304✅DONE✅03 60 40 40 32 35 074 002.6💎00|08 ⏱️4m16.063s🌐ioi6.com
303✅DONE✅04 80 50 40 34 35 074 002.6💎00|08 ⏱️4m35.293s🌐gwin77.com
306✅DONE✅01 80 60 40 34 36 074 002.6💎00|08 ⏱️4m30.981s🌐gcity56.com
307💻E530❌01 80 50 40 34 35 074 002.6💎00|08 ⏱️4m33.727s🌐k18win.com
292💻E104❌01 60 60 40 34 36 078 002.7💎00|08 ⏱️5m27.174s🌐fafaau.com
305✅DONE✅01 60 60 45 34 37 075 002.6💎00|08 ⏱️5m17.351s🌐hb88au.com
293💻E104❌01 40 60 40 34 37 078 002.7💎00|08 ⏱️6m18.502s🌐ezbet66.com
309💻E103❌02 40 60 40 34 37 074 002.6💎00|08 ⏱️5m50.856s🌐ilovejili.net
311💻E103❌03 20 50 40 34 37 073 002.6💎00|08 ⏱️5m39.917s🌐kuromiau.com
313💻E103❌04 20 40 35 34 37 073 002.6💎00|08 ⏱️5m28.088s🌐imperium88.com
310💻E103❌05 0 30 35 32 37 073 002.6💎00|08 ⏱️5m24.770s🌐goldbet9.net
308✅DONE✅01 20 30 40 32 37 074 002.6💎00|08 ⏱️5m24.148s🌐justwin9.com
314🚚E301❌01 20 30 40 32 36 073 002.5💎00|08 ⏱️5m22.332s🌐freeaud.co
315💻E103❌02 20 20 40 32 35 073 002.5💎00|08 ⏱️5m19.590s🌐joker33.club
312✅DONE✅01 40 30 45 34 36 074 002.6💎00|08 ⏱️4m52.593s🌐fuckingmeth.com
316✅DONE✅02 60 30 45 36 37 073 002.5💎00|08 ⏱️4m40.263s🌐luxe66.com
317🚚E301❌01 40 30 45 36 37 073 002.5💎00|08 ⏱️4m03.534s🌐jombet77.com
319✅DONE✅01 60 40 50 38 38 073 002.5💎00|08 ⏱️4m10.645s🌐koalabear33.com
322💻E403❌01 60 40 45 38 38 072 002.5💎00|08 ⏱️4m07.883s🌐gemvault777.com
320✅DONE✅01 60 50 45 38 39 073 002.5💎00|08 ⏱️4m19.541s🌐gday77au.com
324💻E103❌01 40 50 40 38 38 072 002.5💎00|08 ⏱️4m11.486s🌐kingsman369.co
318✅DONE✅01 60 50 40 40 39 073 002.5💎00|08 ⏱️4m26.904s🌐hotpokies88.com
326💻E103❌01 40 50 40 40 38 072 002.5💎00|08 ⏱️4m13.831s🌐gxbet7.com
323✅DONE✅01 60 60 40 42 39 073 002.5💎00|08 ⏱️4m22.275s🌐mb9.co
327💻E103❌01 40 50 40 40 38 072 002.4💎00|08 ⏱️4m06.291s🌐gucci9.vip
321🚚E301❌02 40 40 35 40 37 073 002.5💎00|08 ⏱️4m26.363s🌐kingbet9aus.com
325✅DONE✅01 40 50 40 42 37 072 002.5💎00|08 ⏱️4m26.702s🌐luna8.co
331💻E103❌01 40 40 40 40 36 071 002.4💎00|08 ⏱️4m12.951s🌐minionspin.pro
333💻E103❌02 20 40 40 40 36 071 002.4💎00|08 ⏱️4m06.534s🌐lucky7au.com
330🚚E301❌03 20 30 40 38 36 071 002.4💎00|08 ⏱️4m03.827s🌐imillion88.com
328🚚E301❌04 20 30 40 38 36 072 002.4💎00|08 ⏱️4m18.434s🌐luckyangels.co
332🚚E301❌05 0 20 35 36 36 071 002.4💎00|08 ⏱️3m59.088s🌐ignition66.com
329🚚E301❌06 0 20 35 36 36 072 002.4💎00|08 ⏱️4m10.783s🌐irich88.co
334🚚E301❌07 0 10 35 34 35 070 002.4💎00|08 ⏱️3m59.334s🌐maxim88au.com
336🚚E301❌08 0 10 30 34 35 070 002.4💎00|08 ⏱️4m01.543s🌐macluck9aus.net
339🚚E301❌09 0 10 25 34 34 069 002.4💎00|08 ⏱️3m43.342s🌐jewelpalace88.com
337💻E403❌10 0 0 25 32 34 070 002.4💎00|08 ⏱️3m39.819s🌐jokers11.com
341💻E103❌11 0 0 20 32 34 069 002.3💎00|08 ⏱️3m34.015s🌐millionaireaud.com
338🚚E301❌12 0 0 20 32 34 070 002.4💎00|08 ⏱️3m43.010s🌐marvelaus1.com
335✅DONE✅01 20 10 20 32 34 071 002.4💎00|08 ⏱️3m53.896s🌐mrpoint.co
342💻E103❌01 20 10 20 32 33 069 002.3💎00|08 ⏱️3m36.525s🌐methmeth.com
340✅DONE✅01 40 20 20 34 33 070 002.4💎00|08 ⏱️3m43.854s🌐kangaroobet88.com
346💻E103❌01 40 20 20 34 33 069 002.3💎00|08 ⏱️3m28.228s🌐methwin.com
347💻E103❌02 40 20 15 34 32 068 002.3💎00|08 ⏱️3m22.392s🌐mummyaus.com
345✅DONE✅01 40 30 20 36 33 069 002.3💎00|08 ⏱️3m26.680s🌐mrpay9.com
343✅DONE✅02 60 40 25 36 34 070 002.3💎00|08 ⏱️3m33.863s🌐kingaud.com
350🚚E301❌01 40 40 20 36 34 068 002.3💎00|08 ⏱️3m24.630s🌐mrgreen8.com
348✅DONE✅01 60 50 25 38 34 069 002.3💎00|08 ⏱️3m35.659s🌐mrau7.com
353💻E103❌01 60 50 25 36 33 068 002.3💎00|08 ⏱️3m24.064s🌐luckau.co
349✅DONE✅01 60 50 30 36 33 069 002.3💎00|08 ⏱️3m24.676s🌐legit99.com
351🚚E301❌01 40 50 30 34 33 069 002.3💎00|08 ⏱️3m28.710s🌐ohyes66.com
354💻E103❌02 40 40 30 32 33 068 002.3💎00|08 ⏱️3m16.047s🌐mrwin888.com
356🚚E301❌03 20 40 30 32 33 068 002.2💎00|08 ⏱️3m20.672s🌐m88win.vip
358💻E103❌04 20 40 30 30 32 067 002.2💎00|08 ⏱️3m23.566s🌐pg9aus.com
355✅DONE✅01 20 40 35 32 33 068 002.3💎00|08 ⏱️3m25.997s🌐mrwin68.com
352🚚E301❌01 20 30 35 30 32 069 002.3💎00|08 ⏱️3m33.856s🌐msn33.com
357🚚E301❌02 20 30 35 30 32 068 002.2💎00|08 ⏱️3m33.461s🌐lv52aud.com
359🚚E301❌03 20 20 35 30 32 067 002.2💎00|08 ⏱️3m32.042s🌐ninjaturtle.vip
364💻E103❌04 20 20 35 30 32 067 002.2💎00|08 ⏱️3m27.221s🌐md9aus.com
365💻E103❌05 0 10 30 30 32 066 002.2💎00|08 ⏱️3m16.866s🌐paynow77.com
362✅DONE✅01 20 20 35 32 32 067 002.2💎00|08 ⏱️3m17.300s🌐nezha22.com
360✅DONE✅02 40 30 35 32 32 068 002.2💎00|08 ⏱️3m26.800s🌐methking.com
361✅DONE✅03 60 40 40 34 33 068 002.2💎00|08 ⏱️3m29.770s🌐prime96.com
363✅DONE✅04 80 50 45 36 34 068 002.2💎00|08 ⏱️3m35.610s🌐ocean96.com
368💻E103❌01 80 40 40 34 34 067 002.2💎00|08 ⏱️3m26.454s🌐pawkies.co
366🚚E301❌02 60 40 35 32 34 067 002.2💎00|08 ⏱️3m22.057s🌐mix9au.com
370💻E103❌03 40 40 35 32 34 067 002.2💎00|08 ⏱️3m15.397s🌐reef33.co
369💻E530❌04 20 40 30 30 34 067 002.2💎00|08 ⏱️3m14.576s🌐monica999.co
367✅DONE✅01 20 50 35 32 35 067 002.2💎00|08 ⏱️3m27.951s🌐pokieslab9.com
371💻E103❌01 20 50 30 30 34 067 002.2💎00|08 ⏱️3m29.378s🌐penguinwin.com
372💻E403❌02 20 40 30 30 34 066 002.2💎00|08 ⏱️3m28.096s🌐pokies2u.com
374✅DONE✅01 40 40 35 30 35 066 002.1💎00|08 ⏱️3m23.494s🌐s888aus.com
376💻E103❌01 40 30 35 30 35 066 002.1💎00|08 ⏱️3m17.123s🌐r8aud.com
373✅DONE✅01 40 30 40 30 36 067 002.1💎00|08 ⏱️3m20.438s🌐mrpokies9.com
378💻E103❌01 40 30 35 30 35 066 002.1💎00|08 ⏱️3m16.484s🌐queenau.com
375✅DONE✅01 60 40 40 32 36 067 002.1💎00|08 ⏱️3m23.723s🌐mrwin5.com
379💻E103❌01 40 40 40 30 36 066 002.1💎00|08 ⏱️3m17.636s🌐spadeau.com
377🚚E301❌02 40 40 40 30 35 066 002.1💎00|08 ⏱️3m22.481s🌐pokiestt.com
380🚚E301❌03 20 30 40 30 35 066 002.1💎00|08 ⏱️3m14.497s🌐royal9au.com
382🚚E301❌04 20 30 40 30 34 065 002.1💎00|08 ⏱️3m11.047s🌐rockgold33.com
381✅DONE✅01 20 40 40 32 35 066 002.1💎00|08 ⏱️3m17.869s🌐mwaus.co
384✅DONE✅02 40 40 40 34 35 066 002.1💎00|08 ⏱️3m15.420s🌐super96au.com
386💻E103❌01 40 40 35 34 35 065 002.1💎00|08 ⏱️3m13.573s🌐sking668.co
385✅DONE✅01 60 40 35 36 35 066 002.1💎00|08 ⏱️3m12.997s🌐reborn7.com
383🚚E301❌01 60 40 35 36 35 066 002.1💎00|08 ⏱️3m22.246s🌐nelspin.com
390💻E103❌02 40 30 35 36 35 065 002.1💎00|08 ⏱️3m05.958s🌐spinsage33.com
392💻E103❌03 20 30 35 36 34 065 002.0💎00|08 ⏱️3m04.636s🌐ozwin77.com
388🚚E301❌04 20 30 35 36 34 065 002.1💎00|08 ⏱️3m10.330s🌐opera777.co
391✅DONE✅01 20 40 35 38 35 065 002.0💎00|08 ⏱️3m11.383s🌐rugby77.com
395💻E103❌01 20 40 35 36 34 065 002.0💎00|08 ⏱️3m04.015s🌐play88aud.com
394🚚E301❌02 20 30 35 36 34 065 002.0💎00|08 ⏱️2m59.667s🌐pokies007.com
396🚚E301❌03 20 20 30 34 34 064 002.0💎00|08 ⏱️2m56.279s🌐sm8aud.com
387💻E104❌04 20 20 30 34 34 066 002.1💎00|08 ⏱️3m30.121s🌐sega99aud.com
397💻E103❌05 0 10 25 34 34 064 002.0💎00|08 ⏱️3m14.913s🌐pt77au.club
393🚚E301❌06 0 10 25 32 34 065 002.0💎00|08 ⏱️3m24.099s🌐tokofthetown.com
399💻E103❌07 0 10 20 30 33 064 002.0💎00|08 ⏱️3m19.248s🌐strawberry96.com
400💻E403❌08 0 10 20 30 33 064 002.0💎00|08 ⏱️3m19.569s🌐spincash88.cash
398✅DONE✅01 20 20 25 30 34 064 002.0💎00|08 ⏱️3m25.858s🌐queen13au.com
401✅DONE✅02 40 20 30 32 34 064 002.0💎00|08 ⏱️3m22.433s🌐retro33.com
404💻E103❌01 40 20 30 30 33 064 002.0💎00|08 ⏱️3m22.741s🌐thestar99.com
402✅DONE✅01 60 30 30 32 33 064 002.0💎00|08 ⏱️3m31.753s🌐ufc66.com
403✅DONE✅02 80 40 30 34 33 064 002.0💎00|08 ⏱️3m36.936s🌐topcash7.com
406🚚E301❌01 60 40 30 34 33 064 002.0💎00|08 ⏱️3m10.214s🌐s99au.com
408✅DONE✅01 60 50 30 36 33 064 002.0💎00|08 ⏱️3m09.180s🌐vivid96.com
407✅DONE✅02 80 60 35 36 34 064 002.0💎00|08 ⏱️3m03.647s🌐uap66.com
410💻E530❌01 60 60 35 36 33 064 002.0💎00|08 ⏱️3m01.043s🌐spbo11.vip
389💻E104❌02 40 60 35 36 33 067 002.1💎00|08 ⏱️4m19.488s🌐topspin.one
409✅DONE✅01 60 60 40 38 34 064 002.0💎00|08 ⏱️3m46.702s🌐v12betau.net
411💻E103❌01 40 50 35 38 34 064 001.9💎00|08 ⏱️3m39.706s🌐wincity.online
414🚚E301❌02 20 50 35 38 34 063 001.9💎00|08 ⏱️3m33.567s🌐v96au.com
412✅DONE✅01 40 50 40 38 35 064 001.9💎00|08 ⏱️3m33.204s🌐vgs33aus.com
416💻E530❌01 40 40 40 36 34 063 001.9💎00|08 ⏱️3m20.650s🌐myth88.com
413✅DONE✅01 40 50 45 36 35 064 001.9💎00|08 ⏱️3m28.748s🌐supreme777.com
415🚚E301❌01 40 40 45 34 35 064 001.9💎00|08 ⏱️3m27.797s🌐vvipaud.co
405💻E104❌02 40 30 45 34 34 065 002.0💎00|08 ⏱️4m02.136s🌐rizspin.com
418💻E103❌03 20 30 45 34 33 063 001.9💎00|08 ⏱️3m40.711s🌐weslot88.org
419💻E103❌04 20 30 45 34 33 063 001.9💎00|08 ⏱️2m48.748s🌐township64.com
417💻E405❌05 0 20 40 34 32 063 001.9💎00|08 ⏱️2m50.441s🌐w99au.com
422✅DONE✅01 20 30 40 34 33 063 001.9💎00|08 ⏱️2m45.006s🌐winx96.com
424💻E530❌01 20 30 40 34 32 062 001.9💎00|08 ⏱️2m41.865s🌐winmore8.com
423💻E103❌02 20 20 35 34 32 063 001.9💎00|08 ⏱️2m38.095s🌐v9aus.com
425💻E103❌03 20 20 30 32 31 062 001.9💎00|08 ⏱️2m35.848s🌐xmas7.com
426🚚E301❌04 20 10 30 32 31 062 001.9💎00|08 ⏱️2m29.972s🌐wabet77.com
427✅DONE✅01 20 20 30 32 31 062 001.9💎00|08 ⏱️2m29.949s🌐winner29.com
421💻E104❌01 20 20 25 32 31 063 001.9💎00|08 ⏱️2m34.684s🌐scr66.net
429💻E103❌02 20 20 25 30 31 062 001.9💎00|08 ⏱️2m30.639s🌐spin126.com
428✅DONE✅01 40 30 30 32 31 062 001.9💎00|08 ⏱️2m38.307s🌐yes77au.com
430💻E103❌01 40 30 25 32 31 062 001.9💎00|08 ⏱️2m34.098s🌐theoneau.com
431🚚E301❌02 20 20 25 32 31 062 001.9💎00|08 ⏱️2m31.984s🌐u99au.com
432🚚E301❌03 20 20 25 32 31 062 001.9💎00|08 ⏱️2m32.325s🌐vegasau.net
433💻E103❌04 20 20 20 30 31 062 001.8💎00|08 ⏱️2m32.914s🌐weplay9aus.com
434🚚E301❌05 0 20 20 28 31 061 001.8💎00|08 ⏱️2m33.245s🌐winspin33.com
420💻E104❌06 0 20 15 28 31 064 001.9💎00|08 ⏱️4m24.852s🌐winmate88.com
435✅DONE✅01 20 20 20 28 32 062 001.8💎00|08 ⏱️4m02.639s🌐xbox98.com

╭──────────────────────────────────────────────────────────────────────────────╮
│                                                                              │
│                        ╭─────── 🏁 RESULTS ────────╮                         │
│                        │ Scraping Complete         │                         │
│                        │   Sites Scraped:  434     │                         │
│                        │   Successful:    270      │                         │
│                        │   Failed:        164      │                         │
│                        │   Success Rate:  62.2%    │                         │
│                        │   Bonuses Found: 324      │                         │
│                        │   New Bonuses:   8        │                         │
│                        │   Elapsed:       00:07:20 │                         │
│                        ╰───────────────────────────╯                         │
│                                                                              │
╰──────────────────────────────────────────────────────────────────────────────╯
                      ● Dashboard at http://127.0.0.1:8000                      
