╭──────────────────────── 🚀 Bonus Scraper Engine v5.0 ────────────────────────╮
│                                                                              │
│ ╭─ ⚡ PERFORMA─╮╭─ 🌐 INFRASTR─╮╭─── 📋 JOB ───╮╭── HEALTH ──╮╭── ERRORS ──╮ │
│ │  Concurren…  ││  Proxy Pool  ││  URLs        ││ 🟥 0%      ││ ✅ OK      │ │
│ │  10 Workers  ││  0 Active    ││  Queued      ││ 🔴 10%     ││ 👻 404     │ │
│ │  Throughput  ││  Proxy       ││  580         ││ ❤️  20%    ││ 🚫 403     │ │
│ │  ~157        ││  Logic       ││  Shuffle     ││ 🟧 25%     ││ 🚚 301     │ │
│ │  URLs/min    ││  Per-Worker  ││  No          ││ 🟠 35%     ││ 📡 101     │ │
│ │  Delays      ││  Pool        │╰──────────────╯│ 🧡 45%     ││ ☁️ 503     │ │
│ │  2.0-5.6s    │╰──────────────╯                │ 🟨 50%     ││ 🐌 Lag     │ │
│ │  Timeout     │                                │ 🟡 60%     ││ 📉 Track   │ │
│ │  15s         │                                │ 💛 70%     ││            │ │
│ ╰──────────────╯                                │ 🟩 75%     ││            │ │
│ ╭─ 💻 ENVIRONM─╮╭─ 📊 SYSTEM H─╮╭─ 🛡️ SECURITY─╮│ 🟢 85%     ││            │ │
│ │  OS          ││  CPU         ││  Auth User   ││ 💚 95%     ││            │ │
│ │  Android     ││  N/A         ││  admin       ││ 💚 100%    ││            │ │
│ │  Py Version  ││  Uptime      ││  SSL Check   ││            ││            │ │
│ │  3.13.13     ││  00:00:00    ││  Disabled    ││            ││            │ │
│ ╰──────────────╯╰──────────────╯│  IP          ││            ││            │ │
│                                 │  Reputation  ││            ││            │ │
│                                 │  0/100       ││            ││            │ │
│                                 ╰──────────────╯╰────────────╯╰────────────╯ │
│ ╭───────────────────────────── 🕵️ USER AGENT ──────────────────────────────╮ │
│ │  User Agent Identity                                                     │ │
│ │  Mozilla/5.0 (Windows NT 10.0; Win64; x64) AppleWebKit/537.36 (KHTML,    │ │
│ │  like Gecko) Chrome/120.0.0.0 Safari/537.36                              │ │
│ ╰──────────────────────────────────────────────────────────────────────────╯ │
│                                                                              │
╰──────────────────────────────────────────────────────────────────────────────╯
╭──────────────────────────────────────────────────────────────────────────────╮
│             📡 COMMAND DASHBOARD ACTIVE : http://127.0.0.1:8000              │
╰──────────────────────────────────────────────────────────────────────────────╯
                   ● SYSTEM READY PRESS [CTRL+C] TO TERMINATE                   
007✅DONE✅01 💯 💯 💯 💯 💯 014 000.0💎00|00 ⏱️7m56.455s🌐audwin9.com
006✅DONE✅02 💯 💯 💯 💯 💯 033 000.0💎00|00 ⏱️8m32.735s🌐pesi13.com
002✅DONE✅03 💯 💯 💯 💯 💯 150 000.0💎00|00 ⏱️8m56.966s🌐spade69.co
009✅DONE✅04 💯 💯 💯 💯 💯 044 000.0💎00|00 ⏱️9m03.865s🌐thepokies33.com
008✅DONE✅05 💯 💯 💯 💯 💯 062 000.0💎00|00 ⏱️9m14.038s🌐diamondaud.com
